Microchip MPLAB XC8 Compiler V2.10 ()

Linker command line:

-W-3 --edf=/Applications/microchip/xc8/v2.10/pic/dat/en_msgs.txt \
  -pivt0x8=08h -cs -h+dist/default/debug/Shephard_PIC18.X.debug.sym \
  --cmf=dist/default/debug/Shephard_PIC18.X.debug.cmf -z -Q18F27Q43 \
  -o/tmp/xcVrxeCzm --defsym=__MPLAB_BUILD=1 \
  -Mdist/default/debug/Shephard_PIC18.X.debug.map -E1 -ver=XC8 --acfsm=1493 \
  -ASTACK=0C3Bh-024FFh -pstack=STACK -ACODE=00h-01FFFFh -ACONST=00h-01FFFFh \
  -ASMALLCONST=02500h-025FFhx475 \
  -AMEDIUMCONST=02500h-0FFFFh,012500h-01FFFFh -ACOMRAM=0501h-055Fh \
  -AABS1=0500h-024FFh -ABIGRAM=0501h-024FFh \
  -ARAM=0560h-05FFh,0600h-06FFhx31 -ABANK5=0560h-05FFh -ABANK6=0600h-06FFh \
  -ABANK7=0700h-07FFh -ABANK8=0800h-08FFh -ABANK9=0900h-09FFh \
  -ABANK10=0A00h-0AFFh -ABANK11=0B00h-0BFFh -ABANK12=0C00h-0CFFh \
  -ABANK13=0D00h-0DFFh -ABANK14=0E00h-0EFFh -ABANK15=0F00h-0FFFh \
  -ABANK16=01000h-010FFh -ABANK17=01100h-011FFh -ABANK18=01200h-012FFh \
  -ABANK19=01300h-013FFh -ABANK20=01400h-014FFh -ABANK21=01500h-015FFh \
  -ABANK22=01600h-016FFh -ABANK23=01700h-017FFh -ABANK24=01800h-018FFh \
  -ABANK25=01900h-019FFh -ABANK26=01A00h-01AFFh -ABANK27=01B00h-01BFFh \
  -ABANK28=01C00h-01CFFh -ABANK29=01D00h-01DFFh -ABANK30=01E00h-01EFFh \
  -ABANK31=01F00h-01FFFh -ABANK32=02000h-020FFh -ABANK33=02100h-021FFh \
  -ABANK34=02200h-022FFh -ABANK35=02300h-023FFh -ABANK36=02400h-024FFh \
  -ASFR=00h-0FFhx4,0400h-045Fh,0460h-04FFh -preset_vec=00h \
  -ppowerup=CODE,init -pramtop=02500h -psmallconst=SMALLCONST \
  -pmediumconst=MEDIUMCONST -pconst=CONST -AFARRAM=00h-00h \
  -ACONFIG=0300000h-0300011h -pconfig=CONFIG -AIDLOC=0200000h-020001Fh \
  -pidloc=IDLOC -AEEDATA=0380000h-03803FFh -peeprom_data=EEDATA \
  -prdata=COMRAM,nvrram=COMRAM,nvbit=COMRAM,rbss=COMRAM,rbit=COMRAM \
  -pfarbss=FARRAM,fardata=FARRAM,nvFARRAM=FARRAM \
  -pintsave_regs=BIGRAM,bigbss=BIGRAM,bigdata=BIGRAM -pbss=RAM \
  -pidata=CODE,irdata=CODE,ibigdata=CODE,ifardata=CODE -prparam=COMRAM \
  /tmp/xcxU4pMa9.o dist/default/debug/Shephard_PIC18.X.debug.o 

Object code version is 3.11

Machine type is 18F27Q43

Call graph: (short form)




                Name                               Link     Load   Length Selector   Space Scale
/tmp/xcxU4pMa9.o
                init                                 1A       1A        4        4       0
                reset_vec                             0        0        4        0       0
                idloc                            200000   200000       20   200000       0
                config                           300000   300000        A   300000       0
dist/default/debug/Shephard_PIC18.X.debug.o
                mediumconst                        F7DE     F7DE      822     7BEF       0
                ivt0x8                                8        8       12        4       0
                text28                            10000    10000      636     8000       0
                text27                            11338    11338        2     8000       0
                text26                            11162    11162       32     8000       0
                text25                            111C2    111C2       2E     8000       0
                text24                            1129A    1129A       18     8000       0
                text23                            110C2    110C2       52     8000       0
                text22                            11066    11066       5C     8000       0
                text21                            112F0    112F0       14     8000       0
                text20                            112DC    112DC       14     8000       0
                text19                            11316    11316        C     8000       0
                text18                            1132C    1132C        8     8000       0
                text17                            11334    11334        4     8000       0
                text16                            111F0    111F0       26     8000       0
                text15                            1127E    1127E       1C     8000       0
                text14                            10FFA    10FFA       6C     8000       0
                text13                            1123A    1123A       24     8000       0
                text12                            112C8    112C8       14     8000       0
                text11                            11114    11114       4E     8000       0
                text10                            11194    11194       2E     8000       0
                text9                             1125E    1125E       20     8000       0
                text8                             112B2    112B2       16     8000       0
                text7                             11304    11304       12     8000       0
                text6                             10CFE    10CFE       B6     8000       0
                text5                             10E64    10E64       AE     8000       0
                text4                             10F86    10F86       74     8000       0
                text3                             10DB4    10DB4       B0     8000       0
                text2                             10BEA    10BEA      114     8000       0
                text1                             10636    10636      5B4     8000       0
                text0                             11216    11216       24     8000       0
                cstackCOMRAM                        501      501       26      501       1
                cstackBANK5                         5B3      5B3       38      560       1
                bssBIGRAM                           5FB      5FB      640      5FB       1
                dataBANK5                           5EB      5EB        A      560       1
                bssBANK5                            560      560       53      560       1
                dataCOMRAM                          54D      54D        1      501       1
                bssCOMRAM                           527      527       24      501       1
                cinit                             10F12    10F12       74     8000       0
                nvBANK5                             5F5      5F5        6      560       1
                nvCOMRAM                            54B      54B        2      501       1
                idataBANK5                        11322    11322        A     8000       0
                idataCOMRAM                       1133A    1133A        1     8000       0

TOTAL           Name                               Link     Load   Length     Space
        CLASS   STACK          

        CLASS   CODE           
                init                                 1A       1A        4         0
                reset_vec                             0        0        4         0
                ivt0x8                                8        8       12         0
                text28                            10000    10000      636         0
                text27                            11338    11338        2         0
                text26                            11162    11162       32         0
                text25                            111C2    111C2       2E         0
                text24                            1129A    1129A       18         0
                text23                            110C2    110C2       52         0
                text22                            11066    11066       5C         0
                text21                            112F0    112F0       14         0
                text20                            112DC    112DC       14         0
                text19                            11316    11316        C         0
                text18                            1132C    1132C        8         0
                text17                            11334    11334        4         0
                text16                            111F0    111F0       26         0
                text15                            1127E    1127E       1C         0
                text14                            10FFA    10FFA       6C         0
                text13                            1123A    1123A       24         0
                text12                            112C8    112C8       14         0
                text11                            11114    11114       4E         0
                text10                            11194    11194       2E         0
                text9                             1125E    1125E       20         0
                text8                             112B2    112B2       16         0
                text7                             11304    11304       12         0
                text6                             10CFE    10CFE       B6         0
                text5                             10E64    10E64       AE         0
                text4                             10F86    10F86       74         0
                text3                             10DB4    10DB4       B0         0
                text2                             10BEA    10BEA      114         0
                text1                             10636    10636      5B4         0
                text0                             11216    11216       24         0
                cinit                             10F12    10F12       74         0
                idataBANK5                        11322    11322        A         0
                idataCOMRAM                       1133A    1133A        1         0

        CLASS   CONST          

        CLASS   SMALLCONST     

        CLASS   MEDIUMCONST    
                mediumconst                        F7DE     F7DE      822         0

        CLASS   COMRAM         
                cstackCOMRAM                        501      501       26         1
                dataCOMRAM                          54D      54D        1         1
                bssCOMRAM                           527      527       24         1
                nvCOMRAM                            54B      54B        2         1

        CLASS   ABS1           

        CLASS   BIGRAM         
                bssBIGRAM                           5FB      5FB      640         1

        CLASS   RAM            

        CLASS   BANK5          
                cstackBANK5                         5B3      5B3       38         1
                dataBANK5                           5EB      5EB        A         1
                bssBANK5                            560      560       53         1
                nvBANK5                             5F5      5F5        6         1

        CLASS   BANK6          

        CLASS   BANK7          

        CLASS   BANK8          

        CLASS   BANK9          

        CLASS   BANK10         

        CLASS   BANK11         

        CLASS   BANK12         

        CLASS   BANK13         

        CLASS   BANK14         

        CLASS   BANK15         

        CLASS   BANK16         

        CLASS   BANK17         

        CLASS   BANK18         

        CLASS   BANK19         

        CLASS   BANK20         

        CLASS   BANK21         

        CLASS   BANK22         

        CLASS   BANK23         

        CLASS   BANK24         

        CLASS   BANK25         

        CLASS   BANK26         

        CLASS   BANK27         

        CLASS   BANK28         

        CLASS   BANK29         

        CLASS   BANK30         

        CLASS   BANK31         

        CLASS   BANK32         

        CLASS   BANK33         

        CLASS   BANK34         

        CLASS   BANK35         

        CLASS   BANK36         

        CLASS   SFR            

        CLASS   FARRAM         

        CLASS   CONFIG         
                config                           300000   300000        A         0

        CLASS   IDLOC          
                idloc                            200000   200000       20         0

        CLASS   EEDATA         



SEGMENTS        Name                           Load    Length   Top    Selector   Space  Class

                reset_vec                      000000  000004  000004         0       0  CODE    
                text28                         010000  00133B  01133B      8000       0  CODE    
                bssBIGRAM                      0005FB  000640  000C3B       5FB       1  BIGRAM  
                ivt0x8                         000008  000016  00001E         4       0  CODE    
                cstackCOMRAM                   000501  00004D  00054E       501       1  COMRAM  
                bssBANK5                       000560  00009B  0005FB       560       1  BANK5   
                config                         300000  00000A  30000A    300000       0  CONFIG  
                mediumconst                    00F7DE  000822  010000      7BEF       0  MEDIUMCO
                idloc                          200000  000020  200020    200000       0  IDLOC   


UNUSED ADDRESS RANGES

        Name                Unused          Largest block    Delta
        BANK12           000C3B-000CFF               C5
        BANK13           000D00-000DFF              100
        BANK14           000E00-000EFF              100
        BANK15           000F00-000FFF              100
        BANK16           001000-0010FF              100
        BANK17           001100-0011FF              100
        BANK18           001200-0012FF              100
        BANK19           001300-0013FF              100
        BANK20           001400-0014FF              100
        BANK21           001500-0015FF              100
        BANK22           001600-0016FF              100
        BANK23           001700-0017FF              100
        BANK24           001800-0018FF              100
        BANK25           001900-0019FF              100
        BANK26           001A00-001AFF              100
        BANK27           001B00-001BFF              100
        BANK28           001C00-001CFF              100
        BANK29           001D00-001DFF              100
        BANK30           001E00-001EFF              100
        BANK31           001F00-001FFF              100
        BANK32           002000-0020FF              100
        BANK33           002100-0021FF              100
        BANK34           002200-0022FF              100
        BANK35           002300-0023FF              100
        BANK36           002400-0024FF              100
        BIGRAM           00054E-00055F               12
                         000C3B-0024FF             18C5
        CODE             000004-000007                4
                         00001E-00F7DD             F7C0
                         01133B-01FFFF             ECC5
        COMRAM           00054E-00055F               12
        CONFIG           30000A-300011                8
        CONST            000004-000007                4
                         00001E-00F7DD             F7C0
                         01133B-01FFFF             ECC5
        EEDATA           380000-3803FF              400
        MEDIUMCONST      002500-00F7DD             D2DE
                         012500-01FFFF             DB00
        RAM              000C3B-0024FF              100
        SFR              000000-0004FF              100
        SMALLCONST       002500-00F7DD              100
                         01133B-01FFFF              100
        STACK            000C3B-0024FF             18C5

                                  Symbol Table

?_ADCC_GetConversionResult                cstackBANK5  0005B3
?___awmod                                 cstackBANK5  0005D5
?___lldiv                                 cstackBANK5  0005B3
?___lmul                                  cstackBANK5  0005B3
?___omul                                  cstackBANK5  0005B3
?_rand                                    cstackBANK5  0005CB
ADCC_StartConversion@channel              cstackBANK5  0005B3
IVTBASEH                                  (abs)        00045E
IVTBASEL                                  (abs)        00045D
IVTBASEU                                  (abs)        00045F
TMR1_SetInterruptHandler@InterruptHandler cstackBANK5  0005B3
TMR1_WriteTimer@timerVal                  cstackCOMRAM 000501
_ACTCON                                   (abs)        0000AC
_ADACCH                                   (abs)        0003E4
_ADACCL                                   (abs)        0003E3
_ADACCU                                   (abs)        0003E5
_ADACQH                                   (abs)        0003EF
_ADACQL                                   (abs)        0003EE
_ADACT                                    (abs)        0003F9
_ADCAP                                    (abs)        0003F0
_ADCC_GetConversionResult                 text9        01125E
_ADCC_Initialize                          text22       011066
_ADCC_IsConversionDone                    text8        0112B2
_ADCC_StartConversion                     text7        011304
_ADCLK                                    (abs)        0003FA
_ADCNT                                    (abs)        0003E6
_ADCON0                                   (abs)        0003F3
_ADCON0bits                               (abs)        0003F3
_ADCON1                                   (abs)        0003F4
_ADCON1bits                               (abs)        0003F4
_ADCON2                                   (abs)        0003F5
_ADCON2bits                               (abs)        0003F5
_ADCON3                                   (abs)        0003F6
_ADCON3bits                               (abs)        0003F6
_ADERRH                                   (abs)        0003DE
_ADERRL                                   (abs)        0003DD
_ADFLTRH                                  (abs)        0003E2
_ADFLTRL                                  (abs)        0003E1
_ADLTHH                                   (abs)        0003DA
_ADLTHL                                   (abs)        0003D9
_ADPCH                                    (abs)        0003EC
_ADPREH                                   (abs)        0003F2
_ADPREL                                   (abs)        0003F1
_ADPREVH                                  (abs)        0003E9
_ADPREVL                                  (abs)        0003E8
_ADREF                                    (abs)        0003F8
_ADRESH                                   (abs)        0003EB
_ADRESL                                   (abs)        0003EA
_ADRPT                                    (abs)        0003E7
_ADSTAT                                   (abs)        0003F7
_ADSTATbits                               (abs)        0003F7
_ADSTPTH                                  (abs)        0003E0
_ADSTPTL                                  (abs)        0003DF
_ADUTHH                                   (abs)        0003DC
_ADUTHL                                   (abs)        0003DB
_ANSELA                                   (abs)        000400
_ANSELB                                   (abs)        000408
_ANSELC                                   (abs)        000410
_CM1CON0                                  (abs)        000070
_CM1CON0bits                              (abs)        000070
_CM1CON1                                  (abs)        000071
_CM1NCH                                   (abs)        000072
_CM1PCH                                   (abs)        000073
_CM2CON0                                  (abs)        000074
_CM2CON0bits                              (abs)        000074
_CM2CON1                                  (abs)        000075
_CM2NCH                                   (abs)        000076
_CM2PCH                                   (abs)        000077
_CMP1_Initialize                          text21       0112F0
_CMP2_Initialize                          text20       0112DC
_DAC1CON                                  (abs)        00007F
_DAC1DATL                                 (abs)        00007D
_DAC1_Initialize                          text19       011316
_FVRCON                                   (abs)        0003D7
_FVRCONbits                               (abs)        0003D7
_FVR_Initialize                           text18       01132C
_INLVLA                                   (abs)        000404
_INLVLB                                   (abs)        00040C
_INLVLC                                   (abs)        000414
_INLVLE                                   (abs)        000424
_INTCON0bits                              (abs)        0004D6
_INTERRUPT_Initialize                     text17       011334
_INTERRUPT_InterruptManager               text23       0110C2
_LATA                                     (abs)        0004BE
_LATAbits                                 (abs)        0004BE
_LATB                                     (abs)        0004BF
_LATBbits                                 (abs)        0004BF
_LATC                                     (abs)        0004C0
_LEDs                                     bssBANK5     000580
_NCO1ACCH                                 (abs)        000441
_NCO1ACCL                                 (abs)        000440
_NCO1ACCU                                 (abs)        000442
_NCO1CLK                                  (abs)        000447
_NCO1CON                                  (abs)        000446
_NCO1CONbits                              (abs)        000446
_NCO1INCH                                 (abs)        000444
_NCO1INCL                                 (abs)        000443
_NCO1INCU                                 (abs)        000445
_NCO1_Initialize                          text16       0111F0
_ODCONA                                   (abs)        000402
_ODCONB                                   (abs)        00040A
_ODCONC                                   (abs)        000412
_ODCONE                                   (abs)        000422
_OSCCON1                                  (abs)        0000AD
_OSCCON3                                  (abs)        0000AF
_OSCEN                                    (abs)        0000B3
_OSCFRQ                                   (abs)        0000B1
_OSCILLATOR_Initialize                    text15       01127E
_OSCTUNE                                  (abs)        0000B0
_PIE3bits                                 (abs)        0004A1
_PIN_MANAGER_Initialize                   text14       010FFA
_PIR3bits                                 (abs)        0004B1
_PMD0                                     (abs)        000060
_PMD1                                     (abs)        000061
_PMD3                                     (abs)        000063
_PMD4                                     (abs)        000064
_PMD5                                     (abs)        000065
_PMD6                                     (abs)        000066
_PMD7                                     (abs)        000067
_PMD8                                     (abs)        000068
_PMD_Initialize                           text13       01123A
_RA4PPS                                   (abs)        000205
_RB1I2C                                   (abs)        000289
_RB2I2C                                   (abs)        000288
_RC3I2C                                   (abs)        000287
_RC4I2C                                   (abs)        000286
_SLRCONA                                  (abs)        000403
_SLRCONB                                  (abs)        00040B
_SLRCONC                                  (abs)        000413
_SYSTEM_Initialize                        text10       011194
_T1CLK                                    (abs)        000321
_T1CON                                    (abs)        00031E
_T1CONbits                                (abs)        00031E
_T1GATE                                   (abs)        000320
_T1GCON                                   (abs)        00031F
_T1GCONbits                               (abs)        00031F
_TMR1H                                    (abs)        00031D
_TMR1L                                    (abs)        00031C
_TMR1_CallBack                            text26       011162
_TMR1_DefaultInterruptHandler             text27       011338
_TMR1_ISR                                 text24       01129A
_TMR1_Initialize                          text11       011114
_TMR1_InterruptHandler                    nvBANK5      0005F5
_TMR1_SetInterruptHandler                 text12       0112C8
_TMR1_WriteTimer                          text25       0111C2
_TRISA                                    (abs)        0004C6
_TRISB                                    (abs)        0004C7
_TRISC                                    (abs)        0004C8
_WPUA                                     (abs)        000401
_WPUB                                     (abs)        000409
_WPUC                                     (abs)        000411
_WPUE                                     (abs)        000421
__CFG_BBEN$OFF                            (abs)        000000
__CFG_BBSIZE$BBSIZE_512                   (abs)        000000
__CFG_BOREN$SBORDIS                       (abs)        000000
__CFG_BORV$VBOR_1P9                       (abs)        000000
__CFG_CLKOUTEN$OFF                        (abs)        000000
__CFG_CP$OFF                              (abs)        000000
__CFG_CSWEN$ON                            (abs)        000000
__CFG_DEBUG$OFF                           (abs)        000000
__CFG_FCMEN$ON                            (abs)        000000
__CFG_FEXTOSC$OFF                         (abs)        000000
__CFG_IVT1WAY$ON                          (abs)        000000
__CFG_LPBOREN$OFF                         (abs)        000000
__CFG_LVP$ON                              (abs)        000000
__CFG_MCLRE$EXTMCLR                       (abs)        000000
__CFG_MVECEN$OFF                          (abs)        000000
__CFG_PPS1WAY$ON                          (abs)        000000
__CFG_PR1WAY$ON                           (abs)        000000
__CFG_PWRTS$PWRT_OFF                      (abs)        000000
__CFG_RSTOSC$HFINTOSC_64MHZ               (abs)        000000
__CFG_SAFEN$OFF                           (abs)        000000
__CFG_STVREN$ON                           (abs)        000000
__CFG_WDTCCS$SC                           (abs)        000000
__CFG_WDTCPS$WDTCPS_31                    (abs)        000000
__CFG_WDTCWS$WDTCWS_7                     (abs)        000000
__CFG_WDTE$OFF                            (abs)        000000
__CFG_WRTAPP$OFF                          (abs)        000000
__CFG_WRTB$OFF                            (abs)        000000
__CFG_WRTC$OFF                            (abs)        000000
__CFG_WRTD$OFF                            (abs)        000000
__CFG_WRTSAF$OFF                          (abs)        000000
__CFG_XINST$OFF                           (abs)        000000
__CFG_ZCD$OFF                             (abs)        000000
__HRAM                                    (abs)        000000
__Habs1                                   abs1         000000
__Hbank10                                 bank10       000000
__Hbank11                                 bank11       000000
__Hbank12                                 bank12       000000
__Hbank13                                 bank13       000000
__Hbank14                                 bank14       000000
__Hbank15                                 bank15       000000
__Hbank16                                 bank16       000000
__Hbank17                                 bank17       000000
__Hbank18                                 bank18       000000
__Hbank19                                 bank19       000000
__Hbank20                                 bank20       000000
__Hbank21                                 bank21       000000
__Hbank22                                 bank22       000000
__Hbank23                                 bank23       000000
__Hbank24                                 bank24       000000
__Hbank25                                 bank25       000000
__Hbank26                                 bank26       000000
__Hbank27                                 bank27       000000
__Hbank28                                 bank28       000000
__Hbank29                                 bank29       000000
__Hbank30                                 bank30       000000
__Hbank31                                 bank31       000000
__Hbank32                                 bank32       000000
__Hbank33                                 bank33       000000
__Hbank34                                 bank34       000000
__Hbank35                                 bank35       000000
__Hbank36                                 bank36       000000
__Hbank5                                  bank5        000000
__Hbank6                                  bank6        000000
__Hbank7                                  bank7        000000
__Hbank8                                  bank8        000000
__Hbank9                                  bank9        000000
__Hbigbss                                 bigbss       000000
__Hbigdata                                bigdata      000000
__Hbigram                                 bigram       000000
__Hbss                                    bss          000000
__HbssBANK5                               bssBANK5     000000
__HbssBIGRAM                              bssBIGRAM    000000
__HbssCOMRAM                              bssCOMRAM    000000
__Hcinit                                  cinit        000000
__Hclrtext                                clrtext      000000
__Hcomram                                 comram       000000
__Hconfig                                 config       30000A
__Hconst                                  const        000000
__HcstackBANK5                            cstackBANK5  000000
__HcstackCOMRAM                           cstackCOMRAM 000000
__Hdata                                   data         000000
__HdataBANK5                              dataBANK5    000000
__HdataCOMRAM                             dataCOMRAM   000000
__Heeprom_data                            eeprom_data  000000
__Hfarbss                                 farbss       000000
__Hfardata                                fardata      000000
__Hibigdata                               ibigdata     000000
__Hidata                                  idata        000000
__HidataBANK5                             idataBANK5   000000
__HidataCOMRAM                            idataCOMRAM  000000
__Hidloc                                  idloc        200020
__Hifardata                               ifardata     000000
__Hinit                                   init         00001E
__Hintsave_regs                           intsave_regs 000000
__Hirdata                                 irdata       000000
__Hivt0x8                                 ivt0x8       00001A
__Hmediumconst                            mediumconst  010000
__HnvBANK5                                nvBANK5      000000
__HnvCOMRAM                               nvCOMRAM     000000
__HnvFARRAM                               nvFARRAM     000000
__Hnvbit                                  nvbit        000000
__Hnvrram                                 nvrram       000000
__Hparam                                  rparam       000000
__Hpowerup                                powerup      000000
__Hram                                    ram          000000
__Hramtop                                 ramtop       002500
__Hrbit                                   rbit         000000
__Hrbss                                   rbss         000000
__Hrdata                                  rdata        000000
__Hreset_vec                              reset_vec    000004
__Hrparam                                 rparam       000000
__Hsfr                                    sfr          000000
__Hsmallconst                             smallconst   000000
__Hspace_0                                (abs)        30000A
__Hspace_1                                (abs)        000C3B
__Hspace_2                                (abs)        000000
__Hstack                                  stack        000000
__Hstruct                                 struct       000000
__Htemp                                   temp         000000
__Htext                                   text         000000
__Htext0                                  text0        000000
__Htext1                                  text1        000000
__Htext10                                 text10       000000
__Htext11                                 text11       000000
__Htext12                                 text12       000000
__Htext13                                 text13       000000
__Htext14                                 text14       000000
__Htext15                                 text15       000000
__Htext16                                 text16       000000
__Htext17                                 text17       000000
__Htext18                                 text18       000000
__Htext19                                 text19       000000
__Htext2                                  text2        000000
__Htext20                                 text20       000000
__Htext21                                 text21       000000
__Htext22                                 text22       000000
__Htext23                                 text23       000000
__Htext24                                 text24       000000
__Htext25                                 text25       000000
__Htext26                                 text26       000000
__Htext27                                 text27       000000
__Htext28                                 text28       000000
__Htext29                                 text29       000000
__Htext3                                  text3        000000
__Htext4                                  text4        000000
__Htext5                                  text5        000000
__Htext6                                  text6        000000
__Htext7                                  text7        000000
__Htext8                                  text8        000000
__Htext9                                  text9        000000
__LRAM                                    (abs)        000001
__Labs1                                   abs1         000000
__Lbank10                                 bank10       000000
__Lbank11                                 bank11       000000
__Lbank12                                 bank12       000000
__Lbank13                                 bank13       000000
__Lbank14                                 bank14       000000
__Lbank15                                 bank15       000000
__Lbank16                                 bank16       000000
__Lbank17                                 bank17       000000
__Lbank18                                 bank18       000000
__Lbank19                                 bank19       000000
__Lbank20                                 bank20       000000
__Lbank21                                 bank21       000000
__Lbank22                                 bank22       000000
__Lbank23                                 bank23       000000
__Lbank24                                 bank24       000000
__Lbank25                                 bank25       000000
__Lbank26                                 bank26       000000
__Lbank27                                 bank27       000000
__Lbank28                                 bank28       000000
__Lbank29                                 bank29       000000
__Lbank30                                 bank30       000000
__Lbank31                                 bank31       000000
__Lbank32                                 bank32       000000
__Lbank33                                 bank33       000000
__Lbank34                                 bank34       000000
__Lbank35                                 bank35       000000
__Lbank36                                 bank36       000000
__Lbank5                                  bank5        000000
__Lbank6                                  bank6        000000
__Lbank7                                  bank7        000000
__Lbank8                                  bank8        000000
__Lbank9                                  bank9        000000
__Lbigbss                                 bigbss       000000
__Lbigdata                                bigdata      000000
__Lbigram                                 bigram       000000
__Lbss                                    bss          000000
__LbssBANK5                               bssBANK5     000000
__LbssBIGRAM                              bssBIGRAM    000000
__LbssCOMRAM                              bssCOMRAM    000000
__Lcinit                                  cinit        000000
__Lclrtext                                clrtext      000000
__Lcomram                                 comram       000000
__Lconfig                                 config       300000
__Lconst                                  const        000000
__LcstackBANK5                            cstackBANK5  000000
__LcstackCOMRAM                           cstackCOMRAM 000000
__Ldata                                   data         000000
__LdataBANK5                              dataBANK5    000000
__LdataCOMRAM                             dataCOMRAM   000000
__Leeprom_data                            eeprom_data  000000
__Lfarbss                                 farbss       000000
__Lfardata                                fardata      000000
__Libigdata                               ibigdata     000000
__Lidata                                  idata        000000
__LidataBANK5                             idataBANK5   000000
__LidataCOMRAM                            idataCOMRAM  000000
__Lidloc                                  idloc        200000
__Lifardata                               ifardata     000000
__Linit                                   init         00001A
__Lintsave_regs                           intsave_regs 000000
__Lirdata                                 irdata       000000
__Livt0x8                                 ivt0x8       000008
__Lmediumconst                            mediumconst  00F7DE
__LnvBANK5                                nvBANK5      000000
__LnvCOMRAM                               nvCOMRAM     000000
__LnvFARRAM                               nvFARRAM     000000
__Lnvbit                                  nvbit        000000
__Lnvrram                                 nvrram       000000
__Lparam                                  rparam       000000
__Lpowerup                                powerup      000000
__Lram                                    ram          000000
__Lramtop                                 ramtop       002500
__Lrbit                                   rbit         000000
__Lrbss                                   rbss         000000
__Lrdata                                  rdata        000000
__Lreset_vec                              reset_vec    000000
__Lrparam                                 rparam       000000
__Lsfr                                    sfr          000000
__Lsmallconst                             smallconst   000000
__Lspace_0                                (abs)        000000
__Lspace_1                                (abs)        000000
__Lspace_2                                (abs)        000000
__Lstack                                  stack        000000
__Lstruct                                 struct       000000
__Ltemp                                   temp         000000
__Ltext                                   text         000000
__Ltext0                                  text0        000000
__Ltext1                                  text1        000000
__Ltext10                                 text10       000000
__Ltext11                                 text11       000000
__Ltext12                                 text12       000000
__Ltext13                                 text13       000000
__Ltext14                                 text14       000000
__Ltext15                                 text15       000000
__Ltext16                                 text16       000000
__Ltext17                                 text17       000000
__Ltext18                                 text18       000000
__Ltext19                                 text19       000000
__Ltext2                                  text2        000000
__Ltext20                                 text20       000000
__Ltext21                                 text21       000000
__Ltext22                                 text22       000000
__Ltext23                                 text23       000000
__Ltext24                                 text24       000000
__Ltext25                                 text25       000000
__Ltext26                                 text26       000000
__Ltext27                                 text27       000000
__Ltext28                                 text28       000000
__Ltext29                                 text29       000000
__Ltext3                                  text3        000000
__Ltext4                                  text4        000000
__Ltext5                                  text5        000000
__Ltext6                                  text6        000000
__Ltext7                                  text7        000000
__Ltext8                                  text8        000000
__Ltext9                                  text9        000000
__S0                                      (abs)        30000A
__S1                                      (abs)        000C3B
__S2                                      (abs)        000000
___awmod                                  text6        010CFE
___awmod@counter                          cstackBANK5  0005D9
___awmod@dividend                         cstackBANK5  0005D5
___awmod@divisor                          cstackBANK5  0005D7
___awmod@sign                             cstackBANK5  0005DA
___inthi_sp                               stack        000000
___intlo_sp                               stack        000000
___lldiv                                  text5        010E64
___lldiv@counter                          cstackBANK5  0005BF
___lldiv@dividend                         cstackBANK5  0005B3
___lldiv@divisor                          cstackBANK5  0005B7
___lldiv@quotient                         cstackBANK5  0005BB
___lmul                                   text4        010F86
___lmul@multiplicand                      cstackBANK5  0005B7
___lmul@multiplier                        cstackBANK5  0005B3
___lmul@product                           cstackBANK5  0005BB
___omul                                   text3        010DB4
___omul@multiplicand                      cstackBANK5  0005BB
___omul@multiplier                        cstackBANK5  0005B3
___omul@product                           cstackBANK5  0005C3
___param_bank                             (abs)        000000
___rparam_used                            (abs)        000001
___sp                                     stack        000000
__accesstop                               (abs)        000560
__activetblptr                            (abs)        000003
__end_of_ADCC_GetConversionResult         text9        01127E
__end_of_ADCC_Initialize                  text22       0110C2
__end_of_ADCC_IsConversionDone            text8        0112C8
__end_of_ADCC_StartConversion             text7        011316
__end_of_CMP1_Initialize                  text21       011304
__end_of_CMP2_Initialize                  text20       0112F0
__end_of_DAC1_Initialize                  text19       011322
__end_of_FVR_Initialize                   text18       011334
__end_of_INTERRUPT_Initialize             text17       011338
__end_of_INTERRUPT_InterruptManager       text23       011114
__end_of_NCO1_Initialize                  text16       011216
__end_of_OSCILLATOR_Initialize            text15       01129A
__end_of_PIN_MANAGER_Initialize           text14       011066
__end_of_PMD_Initialize                   text13       01125E
__end_of_SYSTEM_Initialize                text10       0111C2
__end_of_TMR1_CallBack                    text26       011194
__end_of_TMR1_DefaultInterruptHandler     text27       01133A
__end_of_TMR1_ISR                         text24       0112B2
__end_of_TMR1_Initialize                  text11       011162
__end_of_TMR1_SetInterruptHandler         text12       0112DC
__end_of_TMR1_WriteTimer                  text25       0111F0
__end_of___awmod                          text6        010DB4
__end_of___lldiv                          text5        010F12
__end_of___lmul                           text4        010FFA
__end_of___omul                           text3        010E64
__end_of__initialization                  cinit        010F80
__end_of_cosTab                           mediumconst  00FFDF
__end_of_doAudio                          text28       010636
__end_of_main                             text0        01123A
__end_of_maskA                            mediumconst  00FFF8
__end_of_maskB                            mediumconst  00FFF1
__end_of_maskC1                           mediumconst  00FFE8
__end_of_maskC2                           mediumconst  00FFFF
__end_of_rand                             text2        010CFE
__end_of_readPot                          text1        010BEA
__initialization                          cinit        010F12
__mediumconst                             mediumconst  00F7DE
__pbssBANK5                               bssBANK5     000560
__pbssBIGRAM                              bssBIGRAM    0005FB
__pbssCOMRAM                              bssCOMRAM    000527
__pcinit                                  cinit        010F12
__pcstackBANK5                            cstackBANK5  0005B3
__pcstackCOMRAM                           cstackCOMRAM 000501
__pdataBANK5                              dataBANK5    0005EB
__pdataCOMRAM                             dataCOMRAM   00054D
__pidataBANK5                             idataBANK5   011322
__pidataCOMRAM                            idataCOMRAM  01133A
__pivt0x8                                 ivt0x8       000008
__pmediumconst                            mediumconst  00F7DE
__pnvBANK5                                nvBANK5      0005F5
__pnvCOMRAM                               nvCOMRAM     00054B
__ptext0                                  text0        011216
__ptext1                                  text1        010636
__ptext10                                 text10       011194
__ptext11                                 text11       011114
__ptext12                                 text12       0112C8
__ptext13                                 text13       01123A
__ptext14                                 text14       010FFA
__ptext15                                 text15       01127E
__ptext16                                 text16       0111F0
__ptext17                                 text17       011334
__ptext18                                 text18       01132C
__ptext19                                 text19       011316
__ptext2                                  text2        010BEA
__ptext20                                 text20       0112DC
__ptext21                                 text21       0112F0
__ptext22                                 text22       011066
__ptext23                                 text23       0110C2
__ptext24                                 text24       01129A
__ptext25                                 text25       0111C2
__ptext26                                 text26       011162
__ptext27                                 text27       011338
__ptext28                                 text28       010000
__ptext29                                 text29       000000
__ptext3                                  text3        010DB4
__ptext4                                  text4        010F86
__ptext5                                  text5        010E64
__ptext6                                  text6        010CFE
__ptext7                                  text7        011304
__ptext8                                  text8        0112B2
__ptext9                                  text9        01125E
__ramtop                                  ramtop       002500
__size_of_ADCC_GetConversionResult        (abs)        000000
__size_of_ADCC_Initialize                 (abs)        000000
__size_of_ADCC_IsConversionDone           (abs)        000000
__size_of_ADCC_StartConversion            (abs)        000000
__size_of_CMP1_Initialize                 (abs)        000000
__size_of_CMP2_Initialize                 (abs)        000000
__size_of_DAC1_Initialize                 (abs)        000000
__size_of_FVR_Initialize                  (abs)        000000
__size_of_INTERRUPT_Initialize            (abs)        000000
__size_of_INTERRUPT_InterruptManager      (abs)        000000
__size_of_NCO1_Initialize                 (abs)        000000
__size_of_OSCILLATOR_Initialize           (abs)        000000
__size_of_PIN_MANAGER_Initialize          (abs)        000000
__size_of_PMD_Initialize                  (abs)        000000
__size_of_SYSTEM_Initialize               (abs)        000000
__size_of_TMR1_CallBack                   (abs)        000000
__size_of_TMR1_DefaultInterruptHandler    (abs)        000000
__size_of_TMR1_ISR                        (abs)        000000
__size_of_TMR1_Initialize                 (abs)        000000
__size_of_TMR1_SetInterruptHandler        (abs)        000000
__size_of_TMR1_WriteTimer                 (abs)        000000
__size_of___awmod                         (abs)        000000
__size_of___lldiv                         (abs)        000000
__size_of___lmul                          (abs)        000000
__size_of___omul                          (abs)        000000
__size_of_doAudio                         (abs)        000000
__size_of_main                            (abs)        000000
__size_of_rand                            (abs)        000000
__size_of_readPot                         (abs)        000000
__smallconst                              smallconst   000000
_bitMask                                  dataBANK5    0005EF
_bot                                      bssCOMRAM    00053F
_botCounter                               bssCOMRAM    000539
_botDel                                   bssBIGRAM    0005FB
_clockCounter                             dataBANK5    0005EB
_clockVal                                 bssBANK5     000588
_cm1                                      bssCOMRAM    00054A
_cm2                                      bssBANK5     0005A6
_compare                                  bssCOMRAM    000548
_cosTab                                   mediumconst  00F7DF
_counterSave                              dataBANK5    0005F1
_dacOff                                   bssBANK5     0005A4
_decay                                    bssBANK5     0005A2
_delCounter                               bssCOMRAM    00053B
_doAudio                                  text28       010000
_expScale                                 bssBANK5     000584
_freq                                     bssBANK5     00059C
_freqCounter                              bssBANK5     000590
_freqIncr                                 bssCOMRAM    00053D
_incr                                     bssBANK5     000560
_ind                                      bssCOMRAM    000527
_index                                    bssBANK5     000598
_last                                     bssCOMRAM    000537
_lastCompare                              bssCOMRAM    000547
_lastTemp                                 bssBANK5     0005A0
_ledOff                                   bssBANK5     0005A5
_main                                     text0        011216
_mask1                                    nvBANK5      0005F8
_mask2                                    nvBANK5      0005FA
_maskA                                    mediumconst  00FFF1
_maskB                                    mediumconst  00FFE8
_maskC1                                   mediumconst  00FFDF
_maskC2                                   mediumconst  00FFF8
_out                                      bssCOMRAM    000543
_potArray                                 bssBANK5     0005A7
_potFlag                                  bssBANK5     0005A8
_potVal                                   bssBANK5     000594
_rand                                     text2        010BEA
_readPot                                  text1        010636
_seed                                     bssBANK5     0005A9
_shift1                                   bssBANK5     0005B2
_shift2                                   bssBANK5     0005B1
_shiftCount                               bssCOMRAM    000545
_stop                                     bssCOMRAM    000546
_temp                                     bssBANK5     00058C
_test                                     dataCOMRAM   00054D
_timer1ReloadVal                          nvCOMRAM     00054B
_top                                      bssCOMRAM    000541
_topDel                                   bssBIGRAM    00091B
_whichDel                                 bssCOMRAM    000549
end_of_initialization                     cinit        010F80
intlevel0                                 text         000000
intlevel1                                 text         000000
intlevel2                                 text         000000
intlevel3                                 text         000000
ivt0x8_base                               ivt0x8       000008
readPot@i                                 cstackBANK5  0005E5
readPot@temp1                             cstackBANK5  0005E7
stackhi                                   (abs)        0024FF
stacklo                                   (abs)        000C3B
start                                     init         00001A
start_initialization                      cinit        010F12


FUNCTION INFORMATION:

 *************** function _main *****************
 Defined at:
		line 309 in file "main.c"
 Parameters:    Size  Location     Type
		None
 Auto vars:     Size  Location     Type
		None
 Return value:  Size  Location     Type
                  1    wreg      void 
 Registers used:
		wreg, fsr2l, fsr2h, status,2, status,0, cstack
 Tracked objects:
		On entry : 
		On exit  : 
		Unchanged: 
 Data sizes:     COMRAM   BANK5   BANK6   BANK7   BANK8   BANK9  BANK10  BANK11  BANK12  BANK13  BANK14  BANK15  BANK16  BANK17  BANK18  BANK19  BANK20  BANK21  BANK22  BANK23  BANK24  BANK25  BANK26  BANK27  BANK28  BANK29  BANK30  BANK31  BANK32  BANK33  BANK34  BANK35  BANK36
      Params:         0       0       0       0       0       0       0       0       0       0       0       0       0       0       0       0       0       0       0       0       0       0       0       0       0       0       0       0       0       0       0       0       0
      Locals:         0       0       0       0       0       0       0       0       0       0       0       0       0       0       0       0       0       0       0       0       0       0       0       0       0       0       0       0       0       0       0       0       0
      Temps:          0       0       0       0       0       0       0       0       0       0       0       0       0       0       0       0       0       0       0       0       0       0       0       0       0       0       0       0       0       0       0       0       0
      Totals:         0       0       0       0       0       0       0       0       0       0       0       0       0       0       0       0       0       0       0       0       0       0       0       0       0       0       0       0       0       0       0       0       0
Total ram usage:        0 bytes
 Hardware stack levels required when called:    7
 This function calls:
		_SYSTEM_Initialize
		_TMR1_SetInterruptHandler
		_readPot
 This function is called by:
		Startup code after reset
 This function uses a non-reentrant model


 *************** function _readPot *****************
 Defined at:
		line 204 in file "main.c"
 Parameters:    Size  Location     Type
		None
 Auto vars:     Size  Location     Type
  i               2   50[BANK5 ] int 
  temp1           4   52[BANK5 ] unsigned long 
 Return value:  Size  Location     Type
                  1    wreg      void 
 Registers used:
		wreg, fsr2l, fsr2h, status,2, status,0, cstack
 Tracked objects:
		On entry : 
		On exit  : 
		Unchanged: 
 Data sizes:     COMRAM   BANK5   BANK6   BANK7   BANK8   BANK9  BANK10  BANK11  BANK12  BANK13  BANK14  BANK15  BANK16  BANK17  BANK18  BANK19  BANK20  BANK21  BANK22  BANK23  BANK24  BANK25  BANK26  BANK27  BANK28  BANK29  BANK30  BANK31  BANK32  BANK33  BANK34  BANK35  BANK36
      Params:         0       0       0       0       0       0       0       0       0       0       0       0       0       0       0       0       0       0       0       0       0       0       0       0       0       0       0       0       0       0       0       0       0
      Locals:         0       6       0       0       0       0       0       0       0       0       0       0       0       0       0       0       0       0       0       0       0       0       0       0       0       0       0       0       0       0       0       0       0
      Temps:          0      10       0       0       0       0       0       0       0       0       0       0       0       0       0       0       0       0       0       0       0       0       0       0       0       0       0       0       0       0       0       0       0
      Totals:         0      16       0       0       0       0       0       0       0       0       0       0       0       0       0       0       0       0       0       0       0       0       0       0       0       0       0       0       0       0       0       0       0
Total ram usage:       16 bytes
 Hardware stack levels used:    1
 Hardware stack levels required when called:    6
 This function calls:
		_ADCC_GetConversionResult
		_ADCC_IsConversionDone
		_ADCC_StartConversion
		___awmod
		___lldiv
		___lmul
		_rand
 This function is called by:
		_main
 This function uses a non-reentrant model


 *************** function _rand *****************
 Defined at:
		line 15 in file "/Applications/microchip/xc8/v2.10/pic/sources/c99/common/rand.c"
 Parameters:    Size  Location     Type
		None
 Auto vars:     Size  Location     Type
		None
 Return value:  Size  Location     Type
                  2   24[BANK5 ] int 
 Registers used:
		wreg, fsr2l, fsr2h, status,2, status,0, cstack
 Tracked objects:
		On entry : 
		On exit  : 
		Unchanged: 
 Data sizes:     COMRAM   BANK5   BANK6   BANK7   BANK8   BANK9  BANK10  BANK11  BANK12  BANK13  BANK14  BANK15  BANK16  BANK17  BANK18  BANK19  BANK20  BANK21  BANK22  BANK23  BANK24  BANK25  BANK26  BANK27  BANK28  BANK29  BANK30  BANK31  BANK32  BANK33  BANK34  BANK35  BANK36
      Params:         0       2       0       0       0       0       0       0       0       0       0       0       0       0       0       0       0       0       0       0       0       0       0       0       0       0       0       0       0       0       0       0       0
      Locals:         0       0       0       0       0       0       0       0       0       0       0       0       0       0       0       0       0       0       0       0       0       0       0       0       0       0       0       0       0       0       0       0       0
      Temps:          0       8       0       0       0       0       0       0       0       0       0       0       0       0       0       0       0       0       0       0       0       0       0       0       0       0       0       0       0       0       0       0       0
      Totals:         0      10       0       0       0       0       0       0       0       0       0       0       0       0       0       0       0       0       0       0       0       0       0       0       0       0       0       0       0       0       0       0       0
Total ram usage:       10 bytes
 Hardware stack levels used:    1
 Hardware stack levels required when called:    5
 This function calls:
		___omul
 This function is called by:
		_readPot
 This function uses a non-reentrant model


 *************** function ___omul *****************
 Defined at:
		line 91 in file "/Applications/microchip/xc8/v2.10/pic/sources/c99/common/Umul64.c"
 Parameters:    Size  Location     Type
  multiplier      8    0[BANK5 ] unsigned long long 
  multiplicand    8    8[BANK5 ] unsigned long long 
 Auto vars:     Size  Location     Type
  product         8   16[BANK5 ] unsigned long long 
 Return value:  Size  Location     Type
                  8    0[BANK5 ] unsigned long long 
 Registers used:
		wreg, fsr2l, fsr2h, status,2, status,0
 Tracked objects:
		On entry : 
		On exit  : 
		Unchanged: 
 Data sizes:     COMRAM   BANK5   BANK6   BANK7   BANK8   BANK9  BANK10  BANK11  BANK12  BANK13  BANK14  BANK15  BANK16  BANK17  BANK18  BANK19  BANK20  BANK21  BANK22  BANK23  BANK24  BANK25  BANK26  BANK27  BANK28  BANK29  BANK30  BANK31  BANK32  BANK33  BANK34  BANK35  BANK36
      Params:         0      16       0       0       0       0       0       0       0       0       0       0       0       0       0       0       0       0       0       0       0       0       0       0       0       0       0       0       0       0       0       0       0
      Locals:         0       8       0       0       0       0       0       0       0       0       0       0       0       0       0       0       0       0       0       0       0       0       0       0       0       0       0       0       0       0       0       0       0
      Temps:          0       0       0       0       0       0       0       0       0       0       0       0       0       0       0       0       0       0       0       0       0       0       0       0       0       0       0       0       0       0       0       0       0
      Totals:         0      24       0       0       0       0       0       0       0       0       0       0       0       0       0       0       0       0       0       0       0       0       0       0       0       0       0       0       0       0       0       0       0
Total ram usage:       24 bytes
 Hardware stack levels used:    1
 Hardware stack levels required when called:    4
 This function calls:
		Nothing
 This function is called by:
		_rand
 This function uses a non-reentrant model


 *************** function ___lmul *****************
 Defined at:
		line 15 in file "/Applications/microchip/xc8/v2.10/pic/sources/c99/common/Umul32.c"
 Parameters:    Size  Location     Type
  multiplier      4    0[BANK5 ] unsigned long 
  multiplicand    4    4[BANK5 ] unsigned long 
 Auto vars:     Size  Location     Type
  product         4    8[BANK5 ] unsigned long 
 Return value:  Size  Location     Type
                  4    0[BANK5 ] unsigned long 
 Registers used:
		wreg, status,2, status,0
 Tracked objects:
		On entry : 
		On exit  : 
		Unchanged: 
 Data sizes:     COMRAM   BANK5   BANK6   BANK7   BANK8   BANK9  BANK10  BANK11  BANK12  BANK13  BANK14  BANK15  BANK16  BANK17  BANK18  BANK19  BANK20  BANK21  BANK22  BANK23  BANK24  BANK25  BANK26  BANK27  BANK28  BANK29  BANK30  BANK31  BANK32  BANK33  BANK34  BANK35  BANK36
      Params:         0       8       0       0       0       0       0       0       0       0       0       0       0       0       0       0       0       0       0       0       0       0       0       0       0       0       0       0       0       0       0       0       0
      Locals:         0       4       0       0       0       0       0       0       0       0       0       0       0       0       0       0       0       0       0       0       0       0       0       0       0       0       0       0       0       0       0       0       0
      Temps:          0       0       0       0       0       0       0       0       0       0       0       0       0       0       0       0       0       0       0       0       0       0       0       0       0       0       0       0       0       0       0       0       0
      Totals:         0      12       0       0       0       0       0       0       0       0       0       0       0       0       0       0       0       0       0       0       0       0       0       0       0       0       0       0       0       0       0       0       0
Total ram usage:       12 bytes
 Hardware stack levels used:    1
 Hardware stack levels required when called:    4
 This function calls:
		Nothing
 This function is called by:
		_readPot
 This function uses a non-reentrant model


 *************** function ___lldiv *****************
 Defined at:
		line 7 in file "/Applications/microchip/xc8/v2.10/pic/sources/c99/common/__lldiv.c"
 Parameters:    Size  Location     Type
  dividend        4    0[BANK5 ] unsigned long 
  divisor         4    4[BANK5 ] unsigned long 
 Auto vars:     Size  Location     Type
  quotient        4    8[BANK5 ] unsigned long 
  counter         1   12[BANK5 ] unsigned char 
 Return value:  Size  Location     Type
                  4    0[BANK5 ] unsigned long 
 Registers used:
		wreg, status,2, status,0
 Tracked objects:
		On entry : 
		On exit  : 
		Unchanged: 
 Data sizes:     COMRAM   BANK5   BANK6   BANK7   BANK8   BANK9  BANK10  BANK11  BANK12  BANK13  BANK14  BANK15  BANK16  BANK17  BANK18  BANK19  BANK20  BANK21  BANK22  BANK23  BANK24  BANK25  BANK26  BANK27  BANK28  BANK29  BANK30  BANK31  BANK32  BANK33  BANK34  BANK35  BANK36
      Params:         0       8       0       0       0       0       0       0       0       0       0       0       0       0       0       0       0       0       0       0       0       0       0       0       0       0       0       0       0       0       0       0       0
      Locals:         0       5       0       0       0       0       0       0       0       0       0       0       0       0       0       0       0       0       0       0       0       0       0       0       0       0       0       0       0       0       0       0       0
      Temps:          0       0       0       0       0       0       0       0       0       0       0       0       0       0       0       0       0       0       0       0       0       0       0       0       0       0       0       0       0       0       0       0       0
      Totals:         0      13       0       0       0       0       0       0       0       0       0       0       0       0       0       0       0       0       0       0       0       0       0       0       0       0       0       0       0       0       0       0       0
Total ram usage:       13 bytes
 Hardware stack levels used:    1
 Hardware stack levels required when called:    4
 This function calls:
		Nothing
 This function is called by:
		_readPot
 This function uses a non-reentrant model


 *************** function ___awmod *****************
 Defined at:
		line 7 in file "/Applications/microchip/xc8/v2.10/pic/sources/c99/common/awmod.c"
 Parameters:    Size  Location     Type
  dividend        2   34[BANK5 ] int 
  divisor         2   36[BANK5 ] int 
 Auto vars:     Size  Location     Type
  sign            1   39[BANK5 ] unsigned char 
  counter         1   38[BANK5 ] unsigned char 
 Return value:  Size  Location     Type
                  2   34[BANK5 ] int 
 Registers used:
		wreg, status,2, status,0
 Tracked objects:
		On entry : 
		On exit  : 
		Unchanged: 
 Data sizes:     COMRAM   BANK5   BANK6   BANK7   BANK8   BANK9  BANK10  BANK11  BANK12  BANK13  BANK14  BANK15  BANK16  BANK17  BANK18  BANK19  BANK20  BANK21  BANK22  BANK23  BANK24  BANK25  BANK26  BANK27  BANK28  BANK29  BANK30  BANK31  BANK32  BANK33  BANK34  BANK35  BANK36
      Params:         0       4       0       0       0       0       0       0       0       0       0       0       0       0       0       0       0       0       0       0       0       0       0       0       0       0       0       0       0       0       0       0       0
      Locals:         0       2       0       0       0       0       0       0       0       0       0       0       0       0       0       0       0       0       0       0       0       0       0       0       0       0       0       0       0       0       0       0       0
      Temps:          0       0       0       0       0       0       0       0       0       0       0       0       0       0       0       0       0       0       0       0       0       0       0       0       0       0       0       0       0       0       0       0       0
      Totals:         0       6       0       0       0       0       0       0       0       0       0       0       0       0       0       0       0       0       0       0       0       0       0       0       0       0       0       0       0       0       0       0       0
Total ram usage:        6 bytes
 Hardware stack levels used:    1
 Hardware stack levels required when called:    4
 This function calls:
		Nothing
 This function is called by:
		_readPot
 This function uses a non-reentrant model


 *************** function _ADCC_StartConversion *****************
 Defined at:
		line 113 in file "mcc_generated_files/adcc.c"
 Parameters:    Size  Location     Type
  channel         1    wreg     enum E15837
 Auto vars:     Size  Location     Type
  channel         1    0[BANK5 ] enum E15837
 Return value:  Size  Location     Type
                  1    wreg      void 
 Registers used:
		wreg
 Tracked objects:
		On entry : 
		On exit  : 
		Unchanged: 
 Data sizes:     COMRAM   BANK5   BANK6   BANK7   BANK8   BANK9  BANK10  BANK11  BANK12  BANK13  BANK14  BANK15  BANK16  BANK17  BANK18  BANK19  BANK20  BANK21  BANK22  BANK23  BANK24  BANK25  BANK26  BANK27  BANK28  BANK29  BANK30  BANK31  BANK32  BANK33  BANK34  BANK35  BANK36
      Params:         0       0       0       0       0       0       0       0       0       0       0       0       0       0       0       0       0       0       0       0       0       0       0       0       0       0       0       0       0       0       0       0       0
      Locals:         0       1       0       0       0       0       0       0       0       0       0       0       0       0       0       0       0       0       0       0       0       0       0       0       0       0       0       0       0       0       0       0       0
      Temps:          0       0       0       0       0       0       0       0       0       0       0       0       0       0       0       0       0       0       0       0       0       0       0       0       0       0       0       0       0       0       0       0       0
      Totals:         0       1       0       0       0       0       0       0       0       0       0       0       0       0       0       0       0       0       0       0       0       0       0       0       0       0       0       0       0       0       0       0       0
Total ram usage:        1 bytes
 Hardware stack levels used:    1
 Hardware stack levels required when called:    4
 This function calls:
		Nothing
 This function is called by:
		_readPot
 This function uses a non-reentrant model


 *************** function _ADCC_IsConversionDone *****************
 Defined at:
		line 125 in file "mcc_generated_files/adcc.c"
 Parameters:    Size  Location     Type
		None
 Auto vars:     Size  Location     Type
		None
 Return value:  Size  Location     Type
                  1    wreg      _Bool 
 Registers used:
		wreg
 Tracked objects:
		On entry : 
		On exit  : 
		Unchanged: 
 Data sizes:     COMRAM   BANK5   BANK6   BANK7   BANK8   BANK9  BANK10  BANK11  BANK12  BANK13  BANK14  BANK15  BANK16  BANK17  BANK18  BANK19  BANK20  BANK21  BANK22  BANK23  BANK24  BANK25  BANK26  BANK27  BANK28  BANK29  BANK30  BANK31  BANK32  BANK33  BANK34  BANK35  BANK36
      Params:         0       0       0       0       0       0       0       0       0       0       0       0       0       0       0       0       0       0       0       0       0       0       0       0       0       0       0       0       0       0       0       0       0
      Locals:         0       0       0       0       0       0       0       0       0       0       0       0       0       0       0       0       0       0       0       0       0       0       0       0       0       0       0       0       0       0       0       0       0
      Temps:          0       0       0       0       0       0       0       0       0       0       0       0       0       0       0       0       0       0       0       0       0       0       0       0       0       0       0       0       0       0       0       0       0
      Totals:         0       0       0       0       0       0       0       0       0       0       0       0       0       0       0       0       0       0       0       0       0       0       0       0       0       0       0       0       0       0       0       0       0
Total ram usage:        0 bytes
 Hardware stack levels used:    1
 Hardware stack levels required when called:    4
 This function calls:
		Nothing
 This function is called by:
		_readPot
 This function uses a non-reentrant model


 *************** function _ADCC_GetConversionResult *****************
 Defined at:
		line 131 in file "mcc_generated_files/adcc.c"
 Parameters:    Size  Location     Type
		None
 Auto vars:     Size  Location     Type
		None
 Return value:  Size  Location     Type
                  2    0[BANK5 ] unsigned short 
 Registers used:
		wreg, status,2, status,0
 Tracked objects:
		On entry : 
		On exit  : 
		Unchanged: 
 Data sizes:     COMRAM   BANK5   BANK6   BANK7   BANK8   BANK9  BANK10  BANK11  BANK12  BANK13  BANK14  BANK15  BANK16  BANK17  BANK18  BANK19  BANK20  BANK21  BANK22  BANK23  BANK24  BANK25  BANK26  BANK27  BANK28  BANK29  BANK30  BANK31  BANK32  BANK33  BANK34  BANK35  BANK36
      Params:         0       2       0       0       0       0       0       0       0       0       0       0       0       0       0       0       0       0       0       0       0       0       0       0       0       0       0       0       0       0       0       0       0
      Locals:         0       0       0       0       0       0       0       0       0       0       0       0       0       0       0       0       0       0       0       0       0       0       0       0       0       0       0       0       0       0       0       0       0
      Temps:          0       2       0       0       0       0       0       0       0       0       0       0       0       0       0       0       0       0       0       0       0       0       0       0       0       0       0       0       0       0       0       0       0
      Totals:         0       4       0       0       0       0       0       0       0       0       0       0       0       0       0       0       0       0       0       0       0       0       0       0       0       0       0       0       0       0       0       0       0
Total ram usage:        4 bytes
 Hardware stack levels used:    1
 Hardware stack levels required when called:    4
 This function calls:
		Nothing
 This function is called by:
		_readPot
 This function uses a non-reentrant model


 *************** function _SYSTEM_Initialize *****************
 Defined at:
		line 50 in file "mcc_generated_files/mcc.c"
 Parameters:    Size  Location     Type
		None
 Auto vars:     Size  Location     Type
		None
 Return value:  Size  Location     Type
                  1    wreg      void 
 Registers used:
		wreg, status,2, status,0, cstack
 Tracked objects:
		On entry : 
		On exit  : 
		Unchanged: 
 Data sizes:     COMRAM   BANK5   BANK6   BANK7   BANK8   BANK9  BANK10  BANK11  BANK12  BANK13  BANK14  BANK15  BANK16  BANK17  BANK18  BANK19  BANK20  BANK21  BANK22  BANK23  BANK24  BANK25  BANK26  BANK27  BANK28  BANK29  BANK30  BANK31  BANK32  BANK33  BANK34  BANK35  BANK36
      Params:         0       0       0       0       0       0       0       0       0       0       0       0       0       0       0       0       0       0       0       0       0       0       0       0       0       0       0       0       0       0       0       0       0
      Locals:         0       0       0       0       0       0       0       0       0       0       0       0       0       0       0       0       0       0       0       0       0       0       0       0       0       0       0       0       0       0       0       0       0
      Temps:          0       0       0       0       0       0       0       0       0       0       0       0       0       0       0       0       0       0       0       0       0       0       0       0       0       0       0       0       0       0       0       0       0
      Totals:         0       0       0       0       0       0       0       0       0       0       0       0       0       0       0       0       0       0       0       0       0       0       0       0       0       0       0       0       0       0       0       0       0
Total ram usage:        0 bytes
 Hardware stack levels used:    1
 Hardware stack levels required when called:    6
 This function calls:
		_ADCC_Initialize
		_CMP1_Initialize
		_CMP2_Initialize
		_DAC1_Initialize
		_FVR_Initialize
		_INTERRUPT_Initialize
		_NCO1_Initialize
		_OSCILLATOR_Initialize
		_PIN_MANAGER_Initialize
		_PMD_Initialize
		_TMR1_Initialize
 This function is called by:
		_main
 This function uses a non-reentrant model


 *************** function _TMR1_Initialize *****************
 Defined at:
		line 64 in file "mcc_generated_files/tmr1.c"
 Parameters:    Size  Location     Type
		None
 Auto vars:     Size  Location     Type
		None
 Return value:  Size  Location     Type
                  1    wreg      void 
 Registers used:
		wreg, status,2, status,0, cstack
 Tracked objects:
		On entry : 
		On exit  : 
		Unchanged: 
 Data sizes:     COMRAM   BANK5   BANK6   BANK7   BANK8   BANK9  BANK10  BANK11  BANK12  BANK13  BANK14  BANK15  BANK16  BANK17  BANK18  BANK19  BANK20  BANK21  BANK22  BANK23  BANK24  BANK25  BANK26  BANK27  BANK28  BANK29  BANK30  BANK31  BANK32  BANK33  BANK34  BANK35  BANK36
      Params:         0       0       0       0       0       0       0       0       0       0       0       0       0       0       0       0       0       0       0       0       0       0       0       0       0       0       0       0       0       0       0       0       0
      Locals:         0       0       0       0       0       0       0       0       0       0       0       0       0       0       0       0       0       0       0       0       0       0       0       0       0       0       0       0       0       0       0       0       0
      Temps:          0       2       0       0       0       0       0       0       0       0       0       0       0       0       0       0       0       0       0       0       0       0       0       0       0       0       0       0       0       0       0       0       0
      Totals:         0       2       0       0       0       0       0       0       0       0       0       0       0       0       0       0       0       0       0       0       0       0       0       0       0       0       0       0       0       0       0       0       0
Total ram usage:        2 bytes
 Hardware stack levels used:    1
 Hardware stack levels required when called:    5
 This function calls:
		_TMR1_SetInterruptHandler
 This function is called by:
		_SYSTEM_Initialize
 This function uses a non-reentrant model


[...]
 Defined at:
		line 58 in file "mcc_generated_files/cmp1.c"
 Parameters:    Size  Location     Type
		None
 Auto vars:     Size  Location     Type
		None
 Return value:  Size  Location     Type
                  1    wreg      void 
 Registers used:
		wreg, status,2
 Tracked objects:
		On entry : 
		On exit  : 
		Unchanged: 
 Data sizes:     COMRAM   BANK5   BANK6   BANK7   BANK8   BANK9  BANK10  BANK11  BANK12  BANK13  BANK14  BANK15  BANK16  BANK17  BANK18  BANK19  BANK20  BANK21  BANK22  BANK23  BANK24  BANK25  BANK26  BANK27  BANK28  BANK29  BANK30  BANK31  BANK32  BANK33  BANK34  BANK35  BANK36
      Params:         0       0       0       0       0       0       0       0       0       0       0       0       0       0       0       0       0       0       0       0       0       0       0       0       0       0       0       0       0       0       0       0       0
      Locals:         0       0       0       0       0       0       0       0       0       0       0       0       0       0       0       0       0       0       0       0       0       0       0       0       0       0       0       0       0       0       0       0       0
      Temps:          0       0       0       0       0       0       0       0       0       0       0       0       0       0       0       0       0       0       0       0       0       0       0       0       0       0       0       0       0       0       0       0       0
      Totals:         0       0       0       0       0       0       0       0       0       0       0       0       0       0       0       0       0       0       0       0       0       0       0       0       0       0       0       0       0       0       0       0       0
Total ram usage:        0 bytes
 Hardware stack levels used:    1
 Hardware stack levels required when called:    4
 This function calls:
		Nothing
 This function is called by:
		_SYSTEM_Initialize
 This function uses a non-reentrant model


 *************** function _ADCC_Initialize *****************
 Defined at:
		line 62 in file "mcc_generated_files/adcc.c"
 Parameters:    Size  Location     Type
		None
 Auto vars:     Size  Location     Type
		None
 Return value:  Size  Location     Type
                  1    wreg      void 
 Registers used:
		wreg, status,2
 Tracked objects:
		On entry : 
		On exit  : 
		Unchanged: 
 Data sizes:     COMRAM   BANK5   BANK6   BANK7   BANK8   BANK9  BANK10  BANK11  BANK12  BANK13  BANK14  BANK15  BANK16  BANK17  BANK18  BANK19  BANK20  BANK21  BANK22  BANK23  BANK24  BANK25  BANK26  BANK27  BANK28  BANK29  BANK30  BANK31  BANK32  BANK33  BANK34  BANK35  BANK36
      Params:         0       0       0       0       0       0       0       0       0       0       0       0       0       0       0       0       0       0       0       0       0       0       0       0       0       0       0       0       0       0       0       0       0
      Locals:         0       0       0       0       0       0       0       0       0       0       0       0       0       0       0       0       0       0       0       0       0       0       0       0       0       0       0       0       0       0       0       0       0
      Temps:          0       0       0       0       0       0       0       0       0       0       0       0       0       0       0       0       0       0       0       0       0       0       0       0       0       0       0       0       0       0       0       0       0
      Totals:         0       0       0       0       0       0       0       0       0       0       0       0       0       0       0       0       0       0       0       0       0       0       0       0       0       0       0       0       0       0       0       0       0
Total ram usage:        0 bytes
 Hardware stack levels used:    1
 Hardware stack levels required when called:    4
 This function calls:
		Nothing
 This function is called by:
		_SYSTEM_Initialize
 This function uses a non-reentrant model


 *************** function _INTERRUPT_InterruptManager *****************
 Defined at:
		line 58 in file "mcc_generated_files/interrupt_manager.c"
 Parameters:    Size  Location     Type
		None
 Auto vars:     Size  Location     Type
		None
 Return value:  Size  Location     Type
                  1    wreg      void 
 Registers used:
		wreg, fsr2l, fsr2h, status,2, status,0, pclath, tosl, tblptrl, tblptrh, tblptru, prodl, prodh, cstack
 Tracked objects:
		On entry : 
		On exit  : 
		Unchanged: 
 Data sizes:     COMRAM   BANK5   BANK6   BANK7   BANK8   BANK9  BANK10  BANK11  BANK12  BANK13  BANK14  BANK15  BANK16  BANK17  BANK18  BANK19  BANK20  BANK21  BANK22  BANK23  BANK24  BANK25  BANK26  BANK27  BANK28  BANK29  BANK30  BANK31  BANK32  BANK33  BANK34  BANK35  BANK36
      Params:         0       0       0       0       0       0       0       0       0       0       0       0       0       0       0       0       0       0       0       0       0       0       0       0       0       0       0       0       0       0       0       0       0
      Locals:         0       0       0       0       0       0       0       0       0       0       0       0       0       0       0       0       0       0       0       0       0       0       0       0       0       0       0       0       0       0       0       0       0
      Temps:          4       0       0       0       0       0       0       0       0       0       0       0       0       0       0       0       0       0       0       0       0       0       0       0       0       0       0       0       0       0       0       0       0
      Totals:         4       0       0       0       0       0       0       0       0       0       0       0       0       0       0       0       0       0       0       0       0       0       0       0       0       0       0       0       0       0       0       0       0
Total ram usage:        4 bytes
 Hardware stack levels used:    1
 Hardware stack levels required when called:    3
 This function calls:
		_TMR1_ISR
 This function is called by:
		Interrupt level 2
 This function uses a non-reentrant model


 *************** function _TMR1_ISR *****************
 Defined at:
		line 164 in file "mcc_generated_files/tmr1.c"
 Parameters:    Size  Location     Type
		None
 Auto vars:     Size  Location     Type
		None
 Return value:  Size  Location     Type
                  1    wreg      void 
 Registers used:
		wreg, fsr2l, fsr2h, status,2, status,0, pclath, tosl, tblptrl, tblptrh, tblptru, prodl, prodh, cstack
 Tracked objects:
		On entry : 
		On exit  : 
		Unchanged: 
 Data sizes:     COMRAM   BANK5   BANK6   BANK7   BANK8   BANK9  BANK10  BANK11  BANK12  BANK13  BANK14  BANK15  BANK16  BANK17  BANK18  BANK19  BANK20  BANK21  BANK22  BANK23  BANK24  BANK25  BANK26  BANK27  BANK28  BANK29  BANK30  BANK31  BANK32  BANK33  BANK34  BANK35  BANK36
      Params:         0       0       0       0       0       0       0       0       0       0       0       0       0       0       0       0       0       0       0       0       0       0       0       0       0       0       0       0       0       0       0       0       0
      Locals:         0       0       0       0       0       0       0       0       0       0       0       0       0       0       0       0       0       0       0       0       0       0       0       0       0       0       0       0       0       0       0       0       0
      Temps:          0       0       0       0       0       0       0       0       0       0       0       0       0       0       0       0       0       0       0       0       0       0       0       0       0       0       0       0       0       0       0       0       0
      Totals:         0       0       0       0       0       0       0       0       0       0       0       0       0       0       0       0       0       0       0       0       0       0       0       0       0       0       0       0       0       0       0       0       0
Total ram usage:        0 bytes
 Hardware stack levels used:    1
 Hardware stack levels required when called:    2
 This function calls:
		_TMR1_CallBack
		_TMR1_WriteTimer
 This function is called by:
		_INTERRUPT_InterruptManager
 This function uses a non-reentrant model


 *************** function _TMR1_WriteTimer *****************
 Defined at:
		line 127 in file "mcc_generated_files/tmr1.c"
 Parameters:    Size  Location     Type
  timerVal        2    0[COMRAM] unsigned short 
 Auto vars:     Size  Location     Type
		None
 Return value:  Size  Location     Type
                  1    wreg      void 
 Registers used:
		wreg, status,2
 Tracked objects:
		On entry : 
		On exit  : 
		Unchanged: 
 Data sizes:     COMRAM   BANK5   BANK6   BANK7   BANK8   BANK9  BANK10  BANK11  BANK12  BANK13  BANK14  BANK15  BANK16  BANK17  BANK18  BANK19  BANK20  BANK21  BANK22  BANK23  BANK24  BANK25  BANK26  BANK27  BANK28  BANK29  BANK30  BANK31  BANK32  BANK33  BANK34  BANK35  BANK36
      Params:         2       0       0       0       0       0       0       0       0       0       0       0       0       0       0       0       0       0       0       0       0       0       0       0       0       0       0       0       0       0       0       0       0
      Locals:         0       0       0       0       0       0       0       0       0       0       0       0       0       0       0       0       0       0       0       0       0       0       0       0       0       0       0       0       0       0       0       0       0
      Temps:          0       0       0       0       0       0       0       0       0       0       0       0       0       0       0       0       0       0       0       0       0       0       0       0       0       0       0       0       0       0       0       0       0
      Totals:         2       0       0       0       0       0       0       0       0       0       0       0       0       0       0       0       0       0       0       0       0       0       0       0       0       0       0       0       0       0       0       0       0
Total ram usage:        2 bytes
 Hardware stack levels used:    1
 This function calls:
		Nothing
 This function is called by:
		_TMR1_ISR
		_TMR1_Reload
 This function uses a non-reentrant model


 *************** function _TMR1_CallBack *****************
 Defined at:
		line 176 in file "mcc_generated_files/tmr1.c"
 Parameters:    Size  Location     Type
		None
 Auto vars:     Size  Location     Type
		None
 Return value:  Size  Location     Type
                  1    wreg      void 
 Registers used:
		wreg, fsr2l, fsr2h, status,2, status,0, pclath, tosl, tblptrl, tblptrh, tblptru, prodl, prodh, cstack
 Tracked objects:
		On entry : 
		On exit  : 
		Unchanged: 
 Data sizes:     COMRAM   BANK5   BANK6   BANK7   BANK8   BANK9  BANK10  BANK11  BANK12  BANK13  BANK14  BANK15  BANK16  BANK17  BANK18  BANK19  BANK20  BANK21  BANK22  BANK23  BANK24  BANK25  BANK26  BANK27  BANK28  BANK29  BANK30  BANK31  BANK32  BANK33  BANK34  BANK35  BANK36
      Params:         0       0       0       0       0       0       0       0       0       0       0       0       0       0       0       0       0       0       0       0       0       0       0       0       0       0       0       0       0       0       0       0       0
      Locals:         0       0       0       0       0       0       0       0       0       0       0       0       0       0       0       0       0       0       0       0       0       0       0       0       0       0       0       0       0       0       0       0       0
      Temps:          0       0       0       0       0       0       0       0       0       0       0       0       0       0       0       0       0       0       0       0       0       0       0       0       0       0       0       0       0       0       0       0       0
      Totals:         0       0       0       0       0       0       0       0       0       0       0       0       0       0       0       0       0       0       0       0       0       0       0       0       0       0       0       0       0       0       0       0       0
Total ram usage:        0 bytes
 Hardware stack levels used:    1
 Hardware stack levels required when called:    1
 This function calls:
		Absolute function
		_TMR1_DefaultInterruptHandler
		_doAudio
 This function is called by:
		_TMR1_ISR
 This function uses a non-reentrant model


 *************** function _TMR1_DefaultInterruptHandler *****************
 Defined at:
		line 189 in file "mcc_generated_files/tmr1.c"
 Parameters:    Size  Location     Type
		None
 Auto vars:     Size  Location     Type
		None
 Return value:  Size  Location     Type
                  1    wreg      void 
 Registers used:
		None
 Tracked objects:
		On entry : 
		On exit  : 
		Unchanged: 
 Data sizes:     COMRAM   BANK5   BANK6   BANK7   BANK8   BANK9  BANK10  BANK11  BANK12  BANK13  BANK14  BANK15  BANK16  BANK17  BANK18  BANK19  BANK20  BANK21  BANK22  BANK23  BANK24  BANK25  BANK26  BANK27  BANK28  BANK29  BANK30  BANK31  BANK32  BANK33  BANK34  BANK35  BANK36
      Params:         0       0       0       0       0       0       0       0       0       0       0       0       0       0       0       0       0       0       0       0       0       0       0       0       0       0       0       0       0       0       0       0       0
      Locals:         0       0       0       0       0       0       0       0       0       0       0       0       0       0       0       0       0       0       0       0       0       0       0       0       0       0       0       0       0       0       0       0       0
      Temps:          0       0       0       0       0       0       0       0       0       0       0       0       0       0       0       0       0       0       0       0       0       0       0       0       0       0       0       0       0       0       0       0       0
      Totals:         0       0       0       0       0       0       0       0       0       0       0       0       0       0       0       0       0       0       0       0       0       0       0       0       0       0       0       0       0       0       0       0       0
Total ram usage:        0 bytes
 Hardware stack levels used:    1
 This function calls:
		Nothing
 This function is called by:
		_TMR1_Initialize
		_TMR1_CallBack
 This function uses a non-reentrant model


 *************** function _doAudio *****************
 Defined at:
		line 114 in file "main.c"
 Parameters:    Size  Location     Type
		None
 Auto vars:     Size  Location     Type
		None
 Return value:  Size  Location     Type
                  1    wreg      void 
 Registers used:
		wreg, fsr2l, fsr2h, status,2, status,0, tblptrl, tblptrh, tblptru, prodl, prodh
 Tracked objects:
		On entry : 
		On exit  : 
		Unchanged: 
 Data sizes:     COMRAM   BANK5   BANK6   BANK7   BANK8   BANK9  BANK10  BANK11  BANK12  BANK13  BANK14  BANK15  BANK16  BANK17  BANK18  BANK19  BANK20  BANK21  BANK22  BANK23  BANK24  BANK25  BANK26  BANK27  BANK28  BANK29  BANK30  BANK31  BANK32  BANK33  BANK34  BANK35  BANK36
      Params:         0       0       0       0       0       0       0       0       0       0       0       0       0       0       0       0       0       0       0       0       0       0       0       0       0       0       0       0       0       0       0       0       0
      Locals:         0       0       0       0       0       0       0       0       0       0       0       0       0       0       0       0       0       0       0       0       0       0       0       0       0       0       0       0       0       0       0       0       0
      Temps:         34       0       0       0       0       0       0       0       0       0       0       0       0       0       0       0       0       0       0       0       0       0       0       0       0       0       0       0       0       0       0       0       0
      Totals:        34       0       0       0       0       0       0       0       0       0       0       0       0       0       0       0       0       0       0       0       0       0       0       0       0       0       0       0       0       0       0       0       0
Total ram usage:       34 bytes
 Hardware stack levels used:    1
 This function calls:
		Nothing
 This function is called by:
		_main
		_TMR1_CallBack
 This function uses a non-reentrant model



MODULE INFORMATION

Module		Function		Class		Link	Load	Size
mcc_generated_files/cmp1.c
		_CMP1_Initialize		CODE           	112F0	0000	21

mcc_generated_files/cmp1.c estimated size: 21

mcc_generated_files/fvr.c
		_FVR_Initialize		CODE           	1132C	0000	9

mcc_generated_files/fvr.c estimated size: 9

mcc_generated_files/interrupt_manager.c
		_INTERRUPT_Initialize		CODE           	11334	0000	5
		_INTERRUPT_InterruptManager		CODE           	110C2	0000	83

mcc_generated_files/interrupt_manager.c estimated size: 88

mcc_generated_files/pin_manager.c
		_PIN_MANAGER_Initialize		CODE           	10FFA	0000	109

mcc_generated_files/pin_manager.c estimated size: 109

mcc_generated_files/nco1.c
		_NCO1_Initialize		CODE           	111F0	0000	39

mcc_generated_files/nco1.c estimated size: 39

/Applications/microchip/xc8/v2.10/pic/sources/c99/common/__lldiv.c
		___lldiv       		CODE           	10E64	0000	175

/Applications/microchip/xc8/v2.10/pic/sources/c99/common/__lldiv.c estimated size: 175

mcc_generated_files/cmp2.c
		_CMP2_Initialize		CODE           	112DC	0000	21

mcc_generated_files/cmp2.c estimated size: 21

/Applications/microchip/xc8/v2.10/pic/sources/c99/common/Umul64.c
		___omul        		CODE           	10DB4	0000	177

/Applications/microchip/xc8/v2.10/pic/sources/c99/common/Umul64.c estimated size: 177

/Applications/microchip/xc8/v2.10/pic/sources/c99/common/rand.c
		_rand          		CODE           	10BEA	0000	277

/Applications/microchip/xc8/v2.10/pic/sources/c99/common/rand.c estimated size: 277

shared
		_cosTab        		MEDIUMCONST    	F7DF	0000	2049
		_maskC2        		MEDIUMCONST    	FFF8	0000	8
		__initialization		CODE           	10F12	0000	111
		_maskA         		MEDIUMCONST    	FFF1	0000	8
		_maskB         		MEDIUMCONST    	FFE8	0000	10
		_maskC1        		MEDIUMCONST    	FFDF	0000	10

shared estimated size: 2196

mcc_generated_files/mcc.c
		_PMD_Initialize		CODE           	1123A	0000	37
		_OSCILLATOR_Initialize		CODE           	1127E	0000	29
		_SYSTEM_Initialize		CODE           	11194	0000	47

mcc_generated_files/mcc.c estimated size: 113

/Applications/microchip/xc8/v2.10/pic/sources/c99/common/awmod.c
		___awmod       		CODE           	10CFE	0000	183

/Applications/microchip/xc8/v2.10/pic/sources/c99/common/awmod.c estimated size: 183

mcc_generated_files/tmr1.c
		_TMR1_Initialize		CODE           	11114	0000	79
		_TMR1_SetInterruptHandler		CODE           	112C8	0000	21
		_TMR1_DefaultInterruptHandler		CODE           	11338	0000	3
		_TMR1_CallBack 		CODE           	11162	0000	51
		_TMR1_WriteTimer		CODE           	111C2	0000	47
		_TMR1_ISR      		CODE           	1129A	0000	25

mcc_generated_files/tmr1.c estimated size: 226

/Applications/microchip/xc8/v2.10/pic/sources/c99/common/Umul32.c
		___lmul        		CODE           	10F86	0000	117

/Applications/microchip/xc8/v2.10/pic/sources/c99/common/Umul32.c estimated size: 117

mcc_generated_files/dac1.c
		_DAC1_Initialize		CODE           	11316	0000	13

mcc_generated_files/dac1.c estimated size: 13

mcc_generated_files/adcc.c
		_ADCC_GetConversionResult		CODE           	1125E	0000	33
		_ADCC_StartConversion		CODE           	11304	0000	19
		_ADCC_Initialize		CODE           	11066	0000	93
		_ADCC_IsConversionDone		CODE           	112B2	0000	23

mcc_generated_files/adcc.c estimated size: 168

main.c
		_doAudio       		CODE           	10000	0000	1591
		_main          		CODE           	11216	0000	37
		_readPot       		CODE           	10636	0000	1461

main.c estimated size: 3089

