Microchip MPLAB XC8 Compiler V2.10 ()

Linker command line:

-W-3 --edf=/Applications/microchip/xc8/v2.10/pic/dat/en_msgs.txt \
  -pivt0x8=08h -cs \
  -h+dist/default/production/Shephard_PIC18.X.production.sym \
  --cmf=dist/default/production/Shephard_PIC18.X.production.cmf -z \
  -Q18F27Q43 -o/tmp/xcG8JfYX1 --defsym=__MPLAB_BUILD=1 \
  -Mdist/default/production/Shephard_PIC18.X.production.map -E1 -ver=XC8 \
  --acfsm=1493 -ASTACK=0C1Fh-024FFh -pstack=STACK -ACODE=00h-01FFFFh \
  -ACONST=00h-01FFFFh -ASMALLCONST=02500h-025FFhx475 \
  -AMEDIUMCONST=02500h-0FFFFh,012500h-01FFFFh -ACOMRAM=0501h-055Fh \
  -AABS1=0500h-024FFh -ABIGRAM=0501h-024FFh \
  -ARAM=0560h-05FFh,0600h-06FFhx31 -ABANK5=0560h-05FFh -ABANK6=0600h-06FFh \
  -ABANK7=0700h-07FFh -ABANK8=0800h-08FFh -ABANK9=0900h-09FFh \
  -ABANK10=0A00h-0AFFh -ABANK11=0B00h-0BFFh -ABANK12=0C00h-0CFFh \
  -ABANK13=0D00h-0DFFh -ABANK14=0E00h-0EFFh -ABANK15=0F00h-0FFFh \
  -ABANK16=01000h-010FFh -ABANK17=01100h-011FFh -ABANK18=01200h-012FFh \
  -ABANK19=01300h-013FFh -ABANK20=01400h-014FFh -ABANK21=01500h-015FFh \
  -ABANK22=01600h-016FFh -ABANK23=01700h-017FFh -ABANK24=01800h-018FFh \
  -ABANK25=01900h-019FFh -ABANK26=01A00h-01AFFh -ABANK27=01B00h-01BFFh \
  -ABANK28=01C00h-01CFFh -ABANK29=01D00h-01DFFh -ABANK30=01E00h-01EFFh \
  -ABANK31=01F00h-01FFFh -ABANK32=02000h-020FFh -ABANK33=02100h-021FFh \
  -ABANK34=02200h-022FFh -ABANK35=02300h-023FFh -ABANK36=02400h-024FFh \
  -ASFR=00h-0FFhx4,0400h-045Fh,0460h-04FFh -preset_vec=00h \
  -ppowerup=CODE,init -pramtop=02500h -psmallconst=SMALLCONST \
  -pmediumconst=MEDIUMCONST -pconst=CONST -AFARRAM=00h-00h \
  -ACONFIG=0300000h-0300011h -pconfig=CONFIG -AIDLOC=0200000h-020001Fh \
  -pidloc=IDLOC -AEEDATA=0380000h-03803FFh -peeprom_data=EEDATA \
  -prdata=COMRAM,nvrram=COMRAM,nvbit=COMRAM,rbss=COMRAM,rbit=COMRAM \
  -pfarbss=FARRAM,fardata=FARRAM,nvFARRAM=FARRAM \
  -pintsave_regs=BIGRAM,bigbss=BIGRAM,bigdata=BIGRAM -pbss=RAM \
  -pidata=CODE,irdata=CODE,ibigdata=CODE,ifardata=CODE -prparam=COMRAM \
  /tmp/xcUa2aYVS.o dist/default/production/Shephard_PIC18.X.production.o 

Object code version is 3.11

Machine type is 18F27Q43

Call graph: (short form)




                Name                               Link     Load   Length Selector   Space Scale
/tmp/xcUa2aYVS.o
                init                                 1A       1A        4        4       0
                reset_vec                             0        0        4        0       0
                idloc                            200000   200000       20   200000       0
                config                           300000   300000        A   300000       0
dist/default/production/Shephard_PIC18.X.production.o
                mediumconst                        BFDE     BFDE     4022     5FEF       0
                ivt0x8                                8        8       12        4       0
                text28                            10000    10000      688     8000       0
                text27                            11156    11156        2     8000       0
                text26                            10F90    10F90       32     8000       0
                text25                            10FF0    10FF0       2E     8000       0
                text24                            110A6    110A6       18     8000       0
                text23                            10EF0    10EF0       52     8000       0
                text22                            10E94    10E94       5C     8000       0
                text21                            11112    11112       14     8000       0
                text20                            110FE    110FE       14     8000       0
                text19                            11136    11136        C     8000       0
                text18                            1114A    1114A        8     8000       0
                text17                            11152    11152        4     8000       0
                text16                            1101E    1101E       26     8000       0
                text15                            1108A    1108A       1C     8000       0
                text14                            10DC8    10DC8       6C     8000       0
                text13                            11044    11044       24     8000       0
                text12                            110EA    110EA       14     8000       0
                text11                            10F42    10F42       4E     8000       0
                text10                            10FC2    10FC2       2E     8000       0
                text9                             110D4    110D4       16     8000       0
                text8                             110BE    110BE       16     8000       0
                text7                             11126    11126       10     8000       0
                text6                             10B06    10B06       F6     8000       0
                text5                             10CAA    10CAA       AC     8000       0
                text4                             10D56    10D56       72     8000       0
                text3                             10BFC    10BFC       AE     8000       0
                text2                             109F4    109F4      112     8000       0
                text1                             10688    10688      36C     8000       0
                text0                             11068    11068       22     8000       0
                cstackCOMRAM                        501      501       32      501       1
                cstackBANK5                         5B2      5B2       20      560       1
                bssBIGRAM                           5DF      5DF      640      5DF       1
                dataBANK5                           5D2      5D2        8      560       1
                bssBANK5                            560      560       52      560       1
                bssCOMRAM                           533      533       17      501       1
                cinit                             10E34    10E34       60     8000       0
                nvBANK5                             5DA      5DA        5      560       1
                idataBANK5                        11142    11142        8     8000       0

TOTAL           Name                               Link     Load   Length     Space
        CLASS   STACK          

        CLASS   CODE           
                init                                 1A       1A        4         0
                reset_vec                             0        0        4         0
                ivt0x8                                8        8       12         0
                text28                            10000    10000      688         0
                text27                            11156    11156        2         0
                text26                            10F90    10F90       32         0
                text25                            10FF0    10FF0       2E         0
                text24                            110A6    110A6       18         0
                text23                            10EF0    10EF0       52         0
                text22                            10E94    10E94       5C         0
                text21                            11112    11112       14         0
                text20                            110FE    110FE       14         0
                text19                            11136    11136        C         0
                text18                            1114A    1114A        8         0
                text17                            11152    11152        4         0
                text16                            1101E    1101E       26         0
                text15                            1108A    1108A       1C         0
                text14                            10DC8    10DC8       6C         0
                text13                            11044    11044       24         0
                text12                            110EA    110EA       14         0
                text11                            10F42    10F42       4E         0
                text10                            10FC2    10FC2       2E         0
                text9                             110D4    110D4       16         0
                text8                             110BE    110BE       16         0
                text7                             11126    11126       10         0
                text6                             10B06    10B06       F6         0
                text5                             10CAA    10CAA       AC         0
                text4                             10D56    10D56       72         0
                text3                             10BFC    10BFC       AE         0
                text2                             109F4    109F4      112         0
                text1                             10688    10688      36C         0
                text0                             11068    11068       22         0
                cinit                             10E34    10E34       60         0
                idataBANK5                        11142    11142        8         0

        CLASS   CONST          

        CLASS   SMALLCONST     

        CLASS   MEDIUMCONST    
                mediumconst                        BFDE     BFDE     4022         0

        CLASS   COMRAM         
                cstackCOMRAM                        501      501       32         1
                bssCOMRAM                           533      533       17         1

        CLASS   ABS1           

        CLASS   BIGRAM         
                bssBIGRAM                           5DF      5DF      640         1

        CLASS   RAM            

        CLASS   BANK5          
                cstackBANK5                         5B2      5B2       20         1
                dataBANK5                           5D2      5D2        8         1
                bssBANK5                            560      560       52         1
                nvBANK5                             5DA      5DA        5         1

        CLASS   BANK6          

        CLASS   BANK7          

        CLASS   BANK8          

        CLASS   BANK9          

        CLASS   BANK10         

        CLASS   BANK11         

        CLASS   BANK12         

        CLASS   BANK13         

        CLASS   BANK14         

        CLASS   BANK15         

        CLASS   BANK16         

        CLASS   BANK17         

        CLASS   BANK18         

        CLASS   BANK19         

        CLASS   BANK20         

        CLASS   BANK21         

        CLASS   BANK22         

        CLASS   BANK23         

        CLASS   BANK24         

        CLASS   BANK25         

        CLASS   BANK26         

        CLASS   BANK27         

        CLASS   BANK28         

        CLASS   BANK29         

        CLASS   BANK30         

        CLASS   BANK31         

        CLASS   BANK32         

        CLASS   BANK33         

        CLASS   BANK34         

        CLASS   BANK35         

        CLASS   BANK36         

        CLASS   SFR            

        CLASS   FARRAM         

        CLASS   CONFIG         
                config                           300000   300000        A         0

        CLASS   IDLOC          
                idloc                            200000   200000       20         0

        CLASS   EEDATA         



SEGMENTS        Name                           Load    Length   Top    Selector   Space  Class

                reset_vec                      000000  000004  000004         0       0  CODE    
                text28                         010000  001158  011158      8000       0  CODE    
                bssBIGRAM                      0005DF  000640  000C1F       5DF       1  BIGRAM  
                ivt0x8                         000008  000016  00001E         4       0  CODE    
                cstackCOMRAM                   000501  000049  00054A       501       1  COMRAM  
                bssBANK5                       000560  00007F  0005DF       560       1  BANK5   
                config                         300000  00000A  30000A    300000       0  CONFIG  
                mediumconst                    00BFDE  004022  010000      5FEF       0  MEDIUMCO
                idloc                          200000  000020  200020    200000       0  IDLOC   


UNUSED ADDRESS RANGES

        Name                Unused          Largest block    Delta
        BANK12           000C1F-000CFF               E1
        BANK13           000D00-000DFF              100
        BANK14           000E00-000EFF              100
        BANK15           000F00-000FFF              100
        BANK16           001000-0010FF              100
        BANK17           001100-0011FF              100
        BANK18           001200-0012FF              100
        BANK19           001300-0013FF              100
        BANK20           001400-0014FF              100
        BANK21           001500-0015FF              100
        BANK22           001600-0016FF              100
        BANK23           001700-0017FF              100
        BANK24           001800-0018FF              100
        BANK25           001900-0019FF              100
        BANK26           001A00-001AFF              100
        BANK27           001B00-001BFF              100
        BANK28           001C00-001CFF              100
        BANK29           001D00-001DFF              100
        BANK30           001E00-001EFF              100
        BANK31           001F00-001FFF              100
        BANK32           002000-0020FF              100
        BANK33           002100-0021FF              100
        BANK34           002200-0022FF              100
        BANK35           002300-0023FF              100
        BANK36           002400-0024FF              100
        BIGRAM           00054A-00055F               16
                         000C1F-0024FF             18E1
        CODE             000004-000007                4
                         00001E-00BFDD             BFC0
                         011158-01FFFF             EEA8
        COMRAM           00054A-00055F               16
        CONFIG           30000A-300011                8
        CONST            000004-000007                4
                         00001E-00BFDD             BFC0
                         011158-01FFFF             EEA8
        EEDATA           380000-3803FF              400
        MEDIUMCONST      002500-00BFDD             9ADE
                         012500-01FFFF             DB00
        RAM              000C1F-0024FF              100
        SFR              000000-0004FF              100
        SMALLCONST       002500-00BFDD              100
                         011158-01FFFF              100
        STACK            000C1F-0024FF             18E1

                                  Symbol Table

?_ADCC_GetConversionResult                cstackCOMRAM 000517
?___almod                                 cstackBANK5  0005BA
?___lldiv                                 cstackCOMRAM 000517
?___lmul                                  cstackCOMRAM 000517
?___omul                                  cstackCOMRAM 000517
?_rand                                    cstackCOMRAM 00052F
ADCC_StartConversion@channel              cstackCOMRAM 000517
IVTBASEH                                  (abs)        00045E
IVTBASEL                                  (abs)        00045D
IVTBASEU                                  (abs)        00045F
TMR1_SetInterruptHandler@InterruptHandler cstackCOMRAM 000517
TMR1_WriteTimer@timerVal                  cstackCOMRAM 000501
_ACTCON                                   (abs)        0000AC
_ADACCH                                   (abs)        0003E4
_ADACCL                                   (abs)        0003E3
_ADACCU                                   (abs)        0003E5
_ADACQH                                   (abs)        0003EF
_ADACQL                                   (abs)        0003EE
_ADACT                                    (abs)        0003F9
_ADCAP                                    (abs)        0003F0
_ADCC_GetConversionResult                 text9        0110D4
_ADCC_Initialize                          text22       010E94
_ADCC_IsConversionDone                    text8        0110BE
_ADCC_StartConversion                     text7        011126
_ADCLK                                    (abs)        0003FA
_ADCNT                                    (abs)        0003E6
_ADCON0                                   (abs)        0003F3
_ADCON0bits                               (abs)        0003F3
_ADCON1                                   (abs)        0003F4
_ADCON1bits                               (abs)        0003F4
_ADCON2                                   (abs)        0003F5
_ADCON2bits                               (abs)        0003F5
_ADCON3                                   (abs)        0003F6
_ADCON3bits                               (abs)        0003F6
_ADERRH                                   (abs)        0003DE
_ADERRL                                   (abs)        0003DD
_ADFLTRH                                  (abs)        0003E2
_ADFLTRL                                  (abs)        0003E1
_ADLTHH                                   (abs)        0003DA
_ADLTHL                                   (abs)        0003D9
_ADPCH                                    (abs)        0003EC
_ADPREH                                   (abs)        0003F2
_ADPREL                                   (abs)        0003F1
_ADPREVH                                  (abs)        0003E9
_ADPREVL                                  (abs)        0003E8
_ADREF                                    (abs)        0003F8
_ADRESH                                   (abs)        0003EB
_ADRESL                                   (abs)        0003EA
_ADRPT                                    (abs)        0003E7
_ADSTAT                                   (abs)        0003F7
_ADSTATbits                               (abs)        0003F7
_ADSTPTH                                  (abs)        0003E0
_ADSTPTL                                  (abs)        0003DF
_ADUTHH                                   (abs)        0003DC
_ADUTHL                                   (abs)        0003DB
_ANSELA                                   (abs)        000400
_ANSELB                                   (abs)        000408
_ANSELC                                   (abs)        000410
_CM1CON0                                  (abs)        000070
_CM1CON0bits                              (abs)        000070
_CM1CON1                                  (abs)        000071
_CM1NCH                                   (abs)        000072
_CM1PCH                                   (abs)        000073
_CM2CON0                                  (abs)        000074
_CM2CON0bits                              (abs)        000074
_CM2CON1                                  (abs)        000075
_CM2NCH                                   (abs)        000076
_CM2PCH                                   (abs)        000077
_CMP1_Initialize                          text21       011112
_CMP2_Initialize                          text20       0110FE
_DAC1CON                                  (abs)        00007F
_DAC1DATL                                 (abs)        00007D
_DAC1_Initialize                          text19       011136
_FVRCON                                   (abs)        0003D7
_FVRCONbits                               (abs)        0003D7
_FVR_Initialize                           text18       01114A
_INLVLA                                   (abs)        000404
_INLVLB                                   (abs)        00040C
_INLVLC                                   (abs)        000414
_INLVLE                                   (abs)        000424
_INTCON0bits                              (abs)        0004D6
_INTERRUPT_Initialize                     text17       011152
_INTERRUPT_InterruptManager               text23       010EF0
_LATA                                     (abs)        0004BE
_LATB                                     (abs)        0004BF
_LATC                                     (abs)        0004C0
_NCO1ACCH                                 (abs)        000441
_NCO1ACCL                                 (abs)        000440
_NCO1ACCU                                 (abs)        000442
_NCO1CLK                                  (abs)        000447
_NCO1CON                                  (abs)        000446
_NCO1CONbits                              (abs)        000446
_NCO1INCH                                 (abs)        000444
_NCO1INCL                                 (abs)        000443
_NCO1INCU                                 (abs)        000445
_NCO1_Initialize                          text16       01101E
_ODCONA                                   (abs)        000402
_ODCONB                                   (abs)        00040A
_ODCONC                                   (abs)        000412
_ODCONE                                   (abs)        000422
_OSCCON1                                  (abs)        0000AD
_OSCCON3                                  (abs)        0000AF
_OSCEN                                    (abs)        0000B3
_OSCFRQ                                   (abs)        0000B1
_OSCILLATOR_Initialize                    text15       01108A
_OSCTUNE                                  (abs)        0000B0
_PIE3bits                                 (abs)        0004A1
_PIN_MANAGER_Initialize                   text14       010DC8
_PIR3bits                                 (abs)        0004B1
_PMD0                                     (abs)        000060
_PMD1                                     (abs)        000061
_PMD3                                     (abs)        000063
_PMD4                                     (abs)        000064
_PMD5                                     (abs)        000065
_PMD6                                     (abs)        000066
_PMD7                                     (abs)        000067
_PMD8                                     (abs)        000068
_PMD_Initialize                           text13       011044
_RA4PPS                                   (abs)        000205
_RB1I2C                                   (abs)        000289
_RB2I2C                                   (abs)        000288
_RC3I2C                                   (abs)        000287
_RC4I2C                                   (abs)        000286
_SLRCONA                                  (abs)        000403
_SLRCONB                                  (abs)        00040B
_SLRCONC                                  (abs)        000413
_SYSTEM_Initialize                        text10       010FC2
_T1CLK                                    (abs)        000321
_T1CON                                    (abs)        00031E
_T1CONbits                                (abs)        00031E
_T1GATE                                   (abs)        000320
_T1GCON                                   (abs)        00031F
_T1GCONbits                               (abs)        00031F
_TMR1H                                    (abs)        00031D
_TMR1L                                    (abs)        00031C
_TMR1_CallBack                            text26       010F90
_TMR1_DefaultInterruptHandler             text27       011156
_TMR1_ISR                                 text24       0110A6
_TMR1_Initialize                          text11       010F42
_TMR1_InterruptHandler                    nvBANK5      0005DA
_TMR1_SetInterruptHandler                 text12       0110EA
_TMR1_WriteTimer                          text25       010FF0
_TRISA                                    (abs)        0004C6
_TRISB                                    (abs)        0004C7
_TRISC                                    (abs)        0004C8
_WPUA                                     (abs)        000401
_WPUB                                     (abs)        000409
_WPUC                                     (abs)        000411
_WPUE                                     (abs)        000421
__CFG_BBEN$OFF                            (abs)        000000
__CFG_BBSIZE$BBSIZE_512                   (abs)        000000
__CFG_BOREN$SBORDIS                       (abs)        000000
__CFG_BORV$VBOR_1P9                       (abs)        000000
__CFG_CLKOUTEN$OFF                        (abs)        000000
__CFG_CP$OFF                              (abs)        000000
__CFG_CSWEN$ON                            (abs)        000000
__CFG_DEBUG$OFF                           (abs)        000000
__CFG_FCMEN$ON                            (abs)        000000
__CFG_FEXTOSC$OFF                         (abs)        000000
__CFG_IVT1WAY$ON                          (abs)        000000
__CFG_LPBOREN$OFF                         (abs)        000000
__CFG_LVP$ON                              (abs)        000000
__CFG_MCLRE$EXTMCLR                       (abs)        000000
__CFG_MVECEN$OFF                          (abs)        000000
__CFG_PPS1WAY$ON                          (abs)        000000
__CFG_PR1WAY$ON                           (abs)        000000
__CFG_PWRTS$PWRT_OFF                      (abs)        000000
__CFG_RSTOSC$HFINTOSC_64MHZ               (abs)        000000
__CFG_SAFEN$OFF                           (abs)        000000
__CFG_STVREN$ON                           (abs)        000000
__CFG_WDTCCS$SC                           (abs)        000000
__CFG_WDTCPS$WDTCPS_31                    (abs)        000000
__CFG_WDTCWS$WDTCWS_7                     (abs)        000000
__CFG_WDTE$OFF                            (abs)        000000
__CFG_WRTAPP$OFF                          (abs)        000000
__CFG_WRTB$OFF                            (abs)        000000
__CFG_WRTC$OFF                            (abs)        000000
__CFG_WRTD$OFF                            (abs)        000000
__CFG_WRTSAF$OFF                          (abs)        000000
__CFG_XINST$OFF                           (abs)        000000
__CFG_ZCD$OFF                             (abs)        000000
__HRAM                                    (abs)        000000
__Habs1                                   abs1         000000
__Hbank10                                 bank10       000000
__Hbank11                                 bank11       000000
__Hbank12                                 bank12       000000
__Hbank13                                 bank13       000000
__Hbank14                                 bank14       000000
__Hbank15                                 bank15       000000
__Hbank16                                 bank16       000000
__Hbank17                                 bank17       000000
__Hbank18                                 bank18       000000
__Hbank19                                 bank19       000000
__Hbank20                                 bank20       000000
__Hbank21                                 bank21       000000
__Hbank22                                 bank22       000000
__Hbank23                                 bank23       000000
__Hbank24                                 bank24       000000
__Hbank25                                 bank25       000000
__Hbank26                                 bank26       000000
__Hbank27                                 bank27       000000
__Hbank28                                 bank28       000000
__Hbank29                                 bank29       000000
__Hbank30                                 bank30       000000
__Hbank31                                 bank31       000000
__Hbank32                                 bank32       000000
__Hbank33                                 bank33       000000
__Hbank34                                 bank34       000000
__Hbank35                                 bank35       000000
__Hbank36                                 bank36       000000
__Hbank5                                  bank5        000000
__Hbank6                                  bank6        000000
__Hbank7                                  bank7        000000
__Hbank8                                  bank8        000000
__Hbank9                                  bank9        000000
__Hbigbss                                 bigbss       000000
__Hbigdata                                bigdata      000000
__Hbigram                                 bigram       000000
__Hbss                                    bss          000000
__HbssBANK5                               bssBANK5     000000
__HbssBIGRAM                              bssBIGRAM    000000
__HbssCOMRAM                              bssCOMRAM    000000
__Hcinit                                  cinit        000000
__Hclrtext                                clrtext      000000
__Hcomram                                 comram       000000
__Hconfig                                 config       30000A
__Hconst                                  const        000000
__HcstackBANK5                            cstackBANK5  000000
__HcstackCOMRAM                           cstackCOMRAM 000000
__Hdata                                   data         000000
__HdataBANK5                              dataBANK5    000000
__Heeprom_data                            eeprom_data  000000
__Hfarbss                                 farbss       000000
__Hfardata                                fardata      000000
__Hibigdata                               ibigdata     000000
__Hidata                                  idata        000000
__HidataBANK5                             idataBANK5   000000
__Hidloc                                  idloc        200020
__Hifardata                               ifardata     000000
__Hinit                                   init         00001E
__Hintsave_regs                           intsave_regs 000000
__Hirdata                                 irdata       000000
__Hivt0x8                                 ivt0x8       00001A
__Hmediumconst                            mediumconst  010000
__HnvBANK5                                nvBANK5      000000
__HnvFARRAM                               nvFARRAM     000000
__Hnvbit                                  nvbit        000000
__Hnvrram                                 nvrram       000000
__Hparam                                  rparam       000000
__Hpowerup                                powerup      000000
__Hram                                    ram          000000
__Hramtop                                 ramtop       002500
__Hrbit                                   rbit         000000
__Hrbss                                   rbss         000000
__Hrdata                                  rdata        000000
__Hreset_vec                              reset_vec    000004
__Hrparam                                 rparam       000000
__Hsfr                                    sfr          000000
__Hsmallconst                             smallconst   000000
__Hspace_0                                (abs)        30000A
__Hspace_1                                (abs)        000C1F
__Hspace_2                                (abs)        000000
__Hstack                                  stack        000000
__Hstruct                                 struct       000000
__Htemp                                   temp         000000
__Htext                                   text         000000
__Htext0                                  text0        000000
__Htext1                                  text1        000000
__Htext10                                 text10       000000
__Htext11                                 text11       000000
__Htext12                                 text12       000000
__Htext13                                 text13       000000
__Htext14                                 text14       000000
__Htext15                                 text15       000000
__Htext16                                 text16       000000
__Htext17                                 text17       000000
__Htext18                                 text18       000000
__Htext19                                 text19       000000
__Htext2                                  text2        000000
__Htext20                                 text20       000000
__Htext21                                 text21       000000
__Htext22                                 text22       000000
__Htext23                                 text23       000000
__Htext24                                 text24       000000
__Htext25                                 text25       000000
__Htext26                                 text26       000000
__Htext27                                 text27       000000
__Htext28                                 text28       000000
__Htext29                                 text29       000000
__Htext3                                  text3        000000
__Htext4                                  text4        000000
__Htext5                                  text5        000000
__Htext6                                  text6        000000
__Htext7                                  text7        000000
__Htext8                                  text8        000000
__Htext9                                  text9        000000
__LRAM                                    (abs)        000001
__Labs1                                   abs1         000000
__Lbank10                                 bank10       000000
__Lbank11                                 bank11       000000
__Lbank12                                 bank12       000000
__Lbank13                                 bank13       000000
__Lbank14                                 bank14       000000
__Lbank15                                 bank15       000000
__Lbank16                                 bank16       000000
__Lbank17                                 bank17       000000
__Lbank18                                 bank18       000000
__Lbank19                                 bank19       000000
__Lbank20                                 bank20       000000
__Lbank21                                 bank21       000000
__Lbank22                                 bank22       000000
__Lbank23                                 bank23       000000
__Lbank24                                 bank24       000000
__Lbank25                                 bank25       000000
__Lbank26                                 bank26       000000
__Lbank27                                 bank27       000000
__Lbank28                                 bank28       000000
__Lbank29                                 bank29       000000
__Lbank30                                 bank30       000000
__Lbank31                                 bank31       000000
__Lbank32                                 bank32       000000
__Lbank33                                 bank33       000000
__Lbank34                                 bank34       000000
__Lbank35                                 bank35       000000
__Lbank36                                 bank36       000000
__Lbank5                                  bank5        000000
__Lbank6                                  bank6        000000
__Lbank7                                  bank7        000000
__Lbank8                                  bank8        000000
__Lbank9                                  bank9        000000
__Lbigbss                                 bigbss       000000
__Lbigdata                                bigdata      000000
__Lbigram                                 bigram       000000
__Lbss                                    bss          000000
__LbssBANK5                               bssBANK5     000000
__LbssBIGRAM                              bssBIGRAM    000000
__LbssCOMRAM                              bssCOMRAM    000000
__Lcinit                                  cinit        000000
__Lclrtext                                clrtext      000000
__Lcomram                                 comram       000000
__Lconfig                                 config       300000
__Lconst                                  const        000000
__LcstackBANK5                            cstackBANK5  000000
__LcstackCOMRAM                           cstackCOMRAM 000000
__Ldata                                   data         000000
__LdataBANK5                              dataBANK5    000000
__Leeprom_data                            eeprom_data  000000
__Lfarbss                                 farbss       000000
__Lfardata                                fardata      000000
__Libigdata                               ibigdata     000000
__Lidata                                  idata        000000
__LidataBANK5                             idataBANK5   000000
__Lidloc                                  idloc        200000
__Lifardata                               ifardata     000000
__Linit                                   init         00001A
__Lintsave_regs                           intsave_regs 000000
__Lirdata                                 irdata       000000
__Livt0x8                                 ivt0x8       000008
__Lmediumconst                            mediumconst  00BFDE
__LnvBANK5                                nvBANK5      000000
__LnvFARRAM                               nvFARRAM     000000
__Lnvbit                                  nvbit        000000
__Lnvrram                                 nvrram       000000
__Lparam                                  rparam       000000
__Lpowerup                                powerup      000000
__Lram                                    ram          000000
__Lramtop                                 ramtop       002500
__Lrbit                                   rbit         000000
__Lrbss                                   rbss         000000
__Lrdata                                  rdata        000000
__Lreset_vec                              reset_vec    000000
__Lrparam                                 rparam       000000
__Lsfr                                    sfr          000000
__Lsmallconst                             smallconst   000000
__Lspace_0                                (abs)        000000
__Lspace_1                                (abs)        000000
__Lspace_2                                (abs)        000000
__Lstack                                  stack        000000
__Lstruct                                 struct       000000
__Ltemp                                   temp         000000
__Ltext                                   text         000000
__Ltext0                                  text0        000000
__Ltext1                                  text1        000000
__Ltext10                                 text10       000000
__Ltext11                                 text11       000000
__Ltext12                                 text12       000000
__Ltext13                                 text13       000000
__Ltext14                                 text14       000000
__Ltext15                                 text15       000000
__Ltext16                                 text16       000000
__Ltext17                                 text17       000000
__Ltext18                                 text18       000000
__Ltext19                                 text19       000000
__Ltext2                                  text2        000000
__Ltext20                                 text20       000000
__Ltext21                                 text21       000000
__Ltext22                                 text22       000000
__Ltext23                                 text23       000000
__Ltext24                                 text24       000000
__Ltext25                                 text25       000000
__Ltext26                                 text26       000000
__Ltext27                                 text27       000000
__Ltext28                                 text28       000000
__Ltext29                                 text29       000000
__Ltext3                                  text3        000000
__Ltext4                                  text4        000000
__Ltext5                                  text5        000000
__Ltext6                                  text6        000000
__Ltext7                                  text7        000000
__Ltext8                                  text8        000000
__Ltext9                                  text9        000000
__S0                                      (abs)        30000A
__S1                                      (abs)        000C1F
__S2                                      (abs)        000000
___almod                                  text6        010B06
___almod@counter                          cstackCOMRAM 000531
___almod@dividend                         cstackBANK5  0005BA
___almod@divisor                          cstackBANK5  0005BE
___almod@sign                             cstackCOMRAM 000532
___inthi_sp                               stack        000000
___intlo_sp                               stack        000000
___lldiv                                  text5        010CAA
___lldiv@counter                          cstackCOMRAM 000523
___lldiv@dividend                         cstackCOMRAM 000517
___lldiv@divisor                          cstackCOMRAM 00051B
___lldiv@quotient                         cstackCOMRAM 00051F
___lmul                                   text4        010D56
___lmul@multiplicand                      cstackCOMRAM 00051B
___lmul@multiplier                        cstackCOMRAM 000517
___lmul@product                           cstackCOMRAM 00051F
___omul                                   text3        010BFC
___omul@multiplicand                      cstackCOMRAM 00051F
___omul@multiplier                        cstackCOMRAM 000517
___omul@product                           cstackCOMRAM 000527
___param_bank                             (abs)        000000
___rparam_used                            (abs)        000001
___sp                                     stack        000000
__accesstop                               (abs)        000560
__activetblptr                            (abs)        000003
__end_of_ADCC_GetConversionResult         text9        0110EA
__end_of_ADCC_Initialize                  text22       010EF0
__end_of_ADCC_IsConversionDone            text8        0110D4
__end_of_ADCC_StartConversion             text7        011136
__end_of_CMP1_Initialize                  text21       011126
__end_of_CMP2_Initialize                  text20       011112
__end_of_DAC1_Initialize                  text19       011142
__end_of_FVR_Initialize                   text18       011152
__end_of_INTERRUPT_Initialize             text17       011156
__end_of_INTERRUPT_InterruptManager       text23       010F42
__end_of_NCO1_Initialize                  text16       011044
__end_of_OSCILLATOR_Initialize            text15       0110A6
__end_of_PIN_MANAGER_Initialize           text14       010E34
__end_of_PMD_Initialize                   text13       011068
__end_of_SYSTEM_Initialize                text10       010FF0
__end_of_TMR1_CallBack                    text26       010FC2
__end_of_TMR1_DefaultInterruptHandler     text27       011158
__end_of_TMR1_ISR                         text24       0110BE
__end_of_TMR1_Initialize                  text11       010F90
__end_of_TMR1_SetInterruptHandler         text12       0110FE
__end_of_TMR1_WriteTimer                  text25       01101E
__end_of___almod                          text6        010BFC
__end_of___lldiv                          text5        010D56
__end_of___lmul                           text4        010DC8
__end_of___omul                           text3        010CAA
__end_of__initialization                  cinit        010E8E
__end_of_cosTab                           mediumconst  00FFDF
__end_of_doAudio                          text28       010688
__end_of_main                             text0        01108A
__end_of_maskA                            mediumconst  00FFF8
__end_of_maskB                            mediumconst  00FFF1
__end_of_maskC1                           mediumconst  00FFE8
__end_of_maskC2                           mediumconst  00FFFF
__end_of_rand                             text2        010B06
__end_of_readPot                          text1        0109F4
__initialization                          cinit        010E34
__mediumconst                             mediumconst  00BFDE
__pbssBANK5                               bssBANK5     000560
__pbssBIGRAM                              bssBIGRAM    0005DF
__pbssCOMRAM                              bssCOMRAM    000533
__pcinit                                  cinit        010E34
__pcstackBANK5                            cstackBANK5  0005B2
__pcstackCOMRAM                           cstackCOMRAM 000501
__pdataBANK5                              dataBANK5    0005D2
__pidataBANK5                             idataBANK5   011142
__pivt0x8                                 ivt0x8       000008
__pmediumconst                            mediumconst  00BFDE
__pnvBANK5                                nvBANK5      0005DA
__ptext0                                  text0        011068
__ptext1                                  text1        010688
__ptext10                                 text10       010FC2
__ptext11                                 text11       010F42
__ptext12                                 text12       0110EA
__ptext13                                 text13       011044
__ptext14                                 text14       010DC8
__ptext15                                 text15       01108A
__ptext16                                 text16       01101E
__ptext17                                 text17       011152
__ptext18                                 text18       01114A
__ptext19                                 text19       011136
__ptext2                                  text2        0109F4
__ptext20                                 text20       0110FE
__ptext21                                 text21       011112
__ptext22                                 text22       010E94
__ptext23                                 text23       010EF0
__ptext24                                 text24       0110A6
__ptext25                                 text25       010FF0
__ptext26                                 text26       010F90
__ptext27                                 text27       011156
__ptext28                                 text28       010000
__ptext29                                 text29       000000
__ptext3                                  text3        010BFC
__ptext4                                  text4        010D56
__ptext5                                  text5        010CAA
__ptext6                                  text6        010B06
__ptext7                                  text7        011126
__ptext8                                  text8        0110BE
__ptext9                                  text9        0110D4
__ramtop                                  ramtop       002500
__size_of_ADCC_GetConversionResult        (abs)        000000
__size_of_ADCC_Initialize                 (abs)        000000
__size_of_ADCC_IsConversionDone           (abs)        000000
__size_of_ADCC_StartConversion            (abs)        000000
__size_of_CMP1_Initialize                 (abs)        000000
__size_of_CMP2_Initialize                 (abs)        000000
__size_of_DAC1_Initialize                 (abs)        000000
__size_of_FVR_Initialize                  (abs)        000000
__size_of_INTERRUPT_Initialize            (abs)        000000
__size_of_INTERRUPT_InterruptManager      (abs)        000000
__size_of_NCO1_Initialize                 (abs)        000000
__size_of_OSCILLATOR_Initialize           (abs)        000000
__size_of_PIN_MANAGER_Initialize          (abs)        000000
__size_of_PMD_Initialize                  (abs)        000000
__size_of_SYSTEM_Initialize               (abs)        000000
__size_of_TMR1_CallBack                   (abs)        000000
__size_of_TMR1_DefaultInterruptHandler    (abs)        000000
__size_of_TMR1_ISR                        (abs)        000000
__size_of_TMR1_Initialize                 (abs)        000000
__size_of_TMR1_SetInterruptHandler        (abs)        000000
__size_of_TMR1_WriteTimer                 (abs)        000000
__size_of___almod                         (abs)        000000
__size_of___lldiv                         (abs)        000000
__size_of___lmul                          (abs)        000000
__size_of___omul                          (abs)        000000
__size_of_doAudio                         (abs)        000000
__size_of_main                            (abs)        000000
__size_of_rand                            (abs)        000000
__size_of_readPot                         (abs)        000000
__smallconst                              smallconst   000000
_alt                                      bssCOMRAM    000540
_botCounter                               bssCOMRAM    000537
_botDel                                   bssBIGRAM    0005DF
_capture                                  bssCOMRAM    00053F
_clockCounter                             dataBANK5    0005D2
_clockVal                                 bssBANK5     000598
_cm1                                      bssCOMRAM    000547
_cm2                                      bssCOMRAM    000546
_compare                                  bssCOMRAM    000542
_cosTab                                   mediumconst  00BFDF
_counterSave                              dataBANK5    0005D6
_decay                                    bssBANK5     000594
_decayCounter                             bssBANK5     000590
_delCounter                               bssCOMRAM    000539
_doAudio                                  text28       010000
_expScale                                 bssBANK5     00059C
_freqCounter                              bssCOMRAM    000533
_freqIncr                                 bssCOMRAM    00053B
_incr                                     bssBANK5     000560
_ind                                      bssBANK5     000580
_lastCompare                              bssCOMRAM    000541
_ledOff                                   bssCOMRAM    000543
_main                                     text0        011068
_maskA                                    mediumconst  00FFF1
_maskB                                    mediumconst  00FFE8
_maskC1                                   mediumconst  00FFDF
_maskC2                                   mediumconst  00FFF8
_out                                      bssBANK5     0005A8
_potArray                                 bssCOMRAM    000548
_potFlag                                  bssCOMRAM    000549
_potVal                                   bssBANK5     0005A4
_rand                                     text2        0109F4
_readPot                                  text1        010688
_seed                                     bssBANK5     0005AA
_shift1                                   bssCOMRAM    000545
_shift2                                   bssCOMRAM    000544
_temp                                     bssBANK5     0005A0
_timer1ReloadVal                          nvBANK5      0005DD
_top                                      bssCOMRAM    00053D
_topDel                                   bssBIGRAM    0008FF
end_of_initialization                     cinit        010E8E
intlevel0                                 text         000000
intlevel1                                 text         000000
intlevel2                                 text         000000
intlevel3                                 text         000000
ivt0x8_base                               ivt0x8       000008
readPot@i                                 cstackBANK5  0005CC
readPot@temp1                             cstackBANK5  0005CE
stackhi                                   (abs)        0024FF
stacklo                                   (abs)        000C1F
start                                     init         00001A
start_initialization                      cinit        010E34


FUNCTION INFORMATION:

 *************** function _main *****************
 Defined at:
		line 245 in file "main.c"
 Parameters:    Size  Location     Type
		None
 Auto vars:     Size  Location     Type
		None
 Return value:  Size  Location     Type
                  1    wreg      void 
 Registers used:
		wreg, fsr2l, fsr2h, status,2, status,0, cstack
 Tracked objects:
		On entry : 
		On exit  : 
		Unchanged: 
 Data sizes:     COMRAM   BANK5   BANK6   BANK7   BANK8   BANK9  BANK10  BANK11  BANK12  BANK13  BANK14  BANK15  BANK16  BANK17  BANK18  BANK19  BANK20  BANK21  BANK22  BANK23  BANK24  BANK25  BANK26  BANK27  BANK28  BANK29  BANK30  BANK31  BANK32  BANK33  BANK34  BANK35  BANK36
      Params:         0       0       0       0       0       0       0       0       0       0       0       0       0       0       0       0       0       0       0       0       0       0       0       0       0       0       0       0       0       0       0       0       0
      Locals:         0       0       0       0       0       0       0       0       0       0       0       0       0       0       0       0       0       0       0       0       0       0       0       0       0       0       0       0       0       0       0       0       0
      Temps:          0       0       0       0       0       0       0       0       0       0       0       0       0       0       0       0       0       0       0       0       0       0       0       0       0       0       0       0       0       0       0       0       0
      Totals:         0       0       0       0       0       0       0       0       0       0       0       0       0       0       0       0       0       0       0       0       0       0       0       0       0       0       0       0       0       0       0       0       0
Total ram usage:        0 bytes
 Hardware stack levels required when called:    7
 This function calls:
		_SYSTEM_Initialize
		_TMR1_SetInterruptHandler
		_readPot
 This function is called by:
		Startup code after reset
 This function uses a non-reentrant model


 *************** function _readPot *****************
 Defined at:
		line 209 in file "main.c"
 Parameters:    Size  Location     Type
		None
 Auto vars:     Size  Location     Type
  i               2   26[BANK5 ] int 
  temp1           4   28[BANK5 ] unsigned long 
 Return value:  Size  Location     Type
                  1    wreg      void 
 Registers used:
		wreg, fsr2l, fsr2h, status,2, status,0, cstack
 Tracked objects:
		On entry : 
		On exit  : 
		Unchanged: 
 Data sizes:     COMRAM   BANK5   BANK6   BANK7   BANK8   BANK9  BANK10  BANK11  BANK12  BANK13  BANK14  BANK15  BANK16  BANK17  BANK18  BANK19  BANK20  BANK21  BANK22  BANK23  BANK24  BANK25  BANK26  BANK27  BANK28  BANK29  BANK30  BANK31  BANK32  BANK33  BANK34  BANK35  BANK36
      Params:         0       0       0       0       0       0       0       0       0       0       0       0       0       0       0       0       0       0       0       0       0       0       0       0       0       0       0       0       0       0       0       0       0
      Locals:         0       6       0       0       0       0       0       0       0       0       0       0       0       0       0       0       0       0       0       0       0       0       0       0       0       0       0       0       0       0       0       0       0
      Temps:          0      10       0       0       0       0       0       0       0       0       0       0       0       0       0       0       0       0       0       0       0       0       0       0       0       0       0       0       0       0       0       0       0
      Totals:         0      16       0       0       0       0       0       0       0       0       0       0       0       0       0       0       0       0       0       0       0       0       0       0       0       0       0       0       0       0       0       0       0
Total ram usage:       16 bytes
 Hardware stack levels used:    1
 Hardware stack levels required when called:    6
 This function calls:
		_ADCC_GetConversionResult
		_ADCC_IsConversionDone
		_ADCC_StartConversion
		___almod
		___lldiv
		___lmul
		_rand
 This function is called by:
		_main
 This function uses a non-reentrant model


 *************** function _rand *****************
 Defined at:
		line 15 in file "/Applications/microchip/xc8/v2.10/pic/sources/c99/common/rand.c"
 Parameters:    Size  Location     Type
		None
 Auto vars:     Size  Location     Type
		None
 Return value:  Size  Location     Type
                  2   46[COMRAM] int 
 Registers used:
		wreg, fsr2l, fsr2h, status,2, status,0, cstack
 Tracked objects:
		On entry : 
		On exit  : 
		Unchanged: 
 Data sizes:     COMRAM   BANK5   BANK6   BANK7   BANK8   BANK9  BANK10  BANK11  BANK12  BANK13  BANK14  BANK15  BANK16  BANK17  BANK18  BANK19  BANK20  BANK21  BANK22  BANK23  BANK24  BANK25  BANK26  BANK27  BANK28  BANK29  BANK30  BANK31  BANK32  BANK33  BANK34  BANK35  BANK36
      Params:         2       0       0       0       0       0       0       0       0       0       0       0       0       0       0       0       0       0       0       0       0       0       0       0       0       0       0       0       0       0       0       0       0
      Locals:         0       0       0       0       0       0       0       0       0       0       0       0       0       0       0       0       0       0       0       0       0       0       0       0       0       0       0       0       0       0       0       0       0
      Temps:          0       8       0       0       0       0       0       0       0       0       0       0       0       0       0       0       0       0       0       0       0       0       0       0       0       0       0       0       0       0       0       0       0
      Totals:         2       8       0       0       0       0       0       0       0       0       0       0       0       0       0       0       0       0       0       0       0       0       0       0       0       0       0       0       0       0       0       0       0
Total ram usage:       10 bytes
 Hardware stack levels used:    1
 Hardware stack levels required when called:    5
 This function calls:
		___omul
 This function is called by:
		_readPot
 This function uses a non-reentrant model


 *************** function ___omul *****************
 Defined at:
		line 91 in file "/Applications/microchip/xc8/v2.10/pic/sources/c99/common/Umul64.c"
 Parameters:    Size  Location     Type
  multiplier      8   22[COMRAM] unsigned long long 
  multiplicand    8   30[COMRAM] unsigned long long 
 Auto vars:     Size  Location     Type
  product         8   38[COMRAM] unsigned long long 
 Return value:  Size  Location     Type
                  8   22[COMRAM] unsigned long long 
 Registers used:
		wreg, fsr2l, fsr2h, status,2, status,0
 Tracked objects:
		On entry : 
		On exit  : 
		Unchanged: 
 Data sizes:     COMRAM   BANK5   BANK6   BANK7   BANK8   BANK9  BANK10  BANK11  BANK12  BANK13  BANK14  BANK15  BANK16  BANK17  BANK18  BANK19  BANK20  BANK21  BANK22  BANK23  BANK24  BANK25  BANK26  BANK27  BANK28  BANK29  BANK30  BANK31  BANK32  BANK33  BANK34  BANK35  BANK36
      Params:        16       0       0       0       0       0       0       0       0       0       0       0       0       0       0       0       0       0       0       0       0       0       0       0       0       0       0       0       0       0       0       0       0
      Locals:         8       0       0       0       0       0       0       0       0       0       0       0       0       0       0       0       0       0       0       0       0       0       0       0       0       0       0       0       0       0       0       0       0
      Temps:          0       0       0       0       0       0       0       0       0       0       0       0       0       0       0       0       0       0       0       0       0       0       0       0       0       0       0       0       0       0       0       0       0
      Totals:        24       0       0       0       0       0       0       0       0       0       0       0       0       0       0       0       0       0       0       0       0       0       0       0       0       0       0       0       0       0       0       0       0
Total ram usage:       24 bytes
 Hardware stack levels used:    1
 Hardware stack levels required when called:    4
 This function calls:
		Nothing
 This function is called by:
		_rand
 This function uses a non-reentrant model


 *************** function ___lmul *****************
 Defined at:
		line 15 in file "/Applications/microchip/xc8/v2.10/pic/sources/c99/common/Umul32.c"
 Parameters:    Size  Location     Type
  multiplier      4   22[COMRAM] unsigned long 
  multiplicand    4   26[COMRAM] unsigned long 
 Auto vars:     Size  Location     Type
  product         4   30[COMRAM] unsigned long 
 Return value:  Size  Location     Type
                  4   22[COMRAM] unsigned long 
 Registers used:
		wreg, status,2, status,0
 Tracked objects:
		On entry : 
		On exit  : 
		Unchanged: 
 Data sizes:     COMRAM   BANK5   BANK6   BANK7   BANK8   BANK9  BANK10  BANK11  BANK12  BANK13  BANK14  BANK15  BANK16  BANK17  BANK18  BANK19  BANK20  BANK21  BANK22  BANK23  BANK24  BANK25  BANK26  BANK27  BANK28  BANK29  BANK30  BANK31  BANK32  BANK33  BANK34  BANK35  BANK36
      Params:         8       0       0       0       0       0       0       0       0       0       0       0       0       0       0       0       0       0       0       0       0       0       0       0       0       0       0       0       0       0       0       0       0
      Locals:         4       0       0       0       0       0       0       0       0       0       0       0       0       0       0       0       0       0       0       0       0       0       0       0       0       0       0       0       0       0       0       0       0
      Temps:          0       0       0       0       0       0       0       0       0       0       0       0       0       0       0       0       0       0       0       0       0       0       0       0       0       0       0       0       0       0       0       0       0
      Totals:        12       0       0       0       0       0       0       0       0       0       0       0       0       0       0       0       0       0       0       0       0       0       0       0       0       0       0       0       0       0       0       0       0
Total ram usage:       12 bytes
 Hardware stack levels used:    1
 Hardware stack levels required when called:    4
 This function calls:
		Nothing
 This function is called by:
		_readPot
 This function uses a non-reentrant model


 *************** function ___lldiv *****************
 Defined at:
		line 7 in file "/Applications/microchip/xc8/v2.10/pic/sources/c99/common/__lldiv.c"
 Parameters:    Size  Location     Type
  dividend        4   22[COMRAM] unsigned long 
  divisor         4   26[COMRAM] unsigned long 
 Auto vars:     Size  Location     Type
  quotient        4   30[COMRAM] unsigned long 
  counter         1   34[COMRAM] unsigned char 
 Return value:  Size  Location     Type
                  4   22[COMRAM] unsigned long 
 Registers used:
		wreg, status,2, status,0
 Tracked objects:
		On entry : 
		On exit  : 
		Unchanged: 
 Data sizes:     COMRAM   BANK5   BANK6   BANK7   BANK8   BANK9  BANK10  BANK11  BANK12  BANK13  BANK14  BANK15  BANK16  BANK17  BANK18  BANK19  BANK20  BANK21  BANK22  BANK23  BANK24  BANK25  BANK26  BANK27  BANK28  BANK29  BANK30  BANK31  BANK32  BANK33  BANK34  BANK35  BANK36
      Params:         8       0       0       0       0       0       0       0       0       0       0       0       0       0       0       0       0       0       0       0       0       0       0       0       0       0       0       0       0       0       0       0       0
      Locals:         5       0       0       0       0       0       0       0       0       0       0       0       0       0       0       0       0       0       0       0       0       0       0       0       0       0       0       0       0       0       0       0       0
      Temps:          0       0       0       0       0       0       0       0       0       0       0       0       0       0       0       0       0       0       0       0       0       0       0       0       0       0       0       0       0       0       0       0       0
      Totals:        13       0       0       0       0       0       0       0       0       0       0       0       0       0       0       0       0       0       0       0       0       0       0       0       0       0       0       0       0       0       0       0       0
Total ram usage:       13 bytes
 Hardware stack levels used:    1
 Hardware stack levels required when called:    4
 This function calls:
		Nothing
 This function is called by:
		_readPot
 This function uses a non-reentrant model


 *************** function ___almod *****************
 Defined at:
		line 7 in file "/Applications/microchip/xc8/v2.10/pic/sources/c99/common/almod.c"
 Parameters:    Size  Location     Type
  dividend        4    8[BANK5 ] long 
  divisor         4   12[BANK5 ] long 
 Auto vars:     Size  Location     Type
  sign            1   49[COMRAM] unsigned char 
  counter         1   48[COMRAM] unsigned char 
 Return value:  Size  Location     Type
                  4    8[BANK5 ] long 
 Registers used:
		wreg, status,2, status,0
 Tracked objects:
		On entry : 
		On exit  : 
		Unchanged: 
 Data sizes:     COMRAM   BANK5   BANK6   BANK7   BANK8   BANK9  BANK10  BANK11  BANK12  BANK13  BANK14  BANK15  BANK16  BANK17  BANK18  BANK19  BANK20  BANK21  BANK22  BANK23  BANK24  BANK25  BANK26  BANK27  BANK28  BANK29  BANK30  BANK31  BANK32  BANK33  BANK34  BANK35  BANK36
      Params:         0       8       0       0       0       0       0       0       0       0       0       0       0       0       0       0       0       0       0       0       0       0       0       0       0       0       0       0       0       0       0       0       0
      Locals:         2       0       0       0       0       0       0       0       0       0       0       0       0       0       0       0       0       0       0       0       0       0       0       0       0       0       0       0       0       0       0       0       0
      Temps:          0       0       0       0       0       0       0       0       0       0       0       0       0       0       0       0       0       0       0       0       0       0       0       0       0       0       0       0       0       0       0       0       0
      Totals:         2       8       0       0       0       0       0       0       0       0       0       0       0       0       0       0       0       0       0       0       0       0       0       0       0       0       0       0       0       0       0       0       0
Total ram usage:       10 bytes
 Hardware stack levels used:    1
 Hardware stack levels required when called:    4
 This function calls:
		Nothing
 This function is called by:
		_readPot
 This function uses a non-reentrant model


 *************** function _ADCC_StartConversion *****************
 Defined at:
		line 113 in file "mcc_generated_files/adcc.c"
 Parameters:    Size  Location     Type
  channel         1    wreg     enum E15837
 Auto vars:     Size  Location     Type
  channel         1   22[COMRAM] enum E15837
 Return value:  Size  Location     Type
                  1    wreg      void 
 Registers used:
		wreg
 Tracked objects:
		On entry : 
		On exit  : 
		Unchanged: 
 Data sizes:     COMRAM   BANK5   BANK6   BANK7   BANK8   BANK9  BANK10  BANK11  BANK12  BANK13  BANK14  BANK15  BANK16  BANK17  BANK18  BANK19  BANK20  BANK21  BANK22  BANK23  BANK24  BANK25  BANK26  BANK27  BANK28  BANK29  BANK30  BANK31  BANK32  BANK33  BANK34  BANK35  BANK36
      Params:         0       0       0       0       0       0       0       0       0       0       0       0       0       0       0       0       0       0       0       0       0       0       0       0       0       0       0       0       0       0       0       0       0
      Locals:         1       0       0       0       0       0       0       0       0       0       0       0       0       0       0       0       0       0       0       0       0       0       0       0       0       0       0       0       0       0       0       0       0
      Temps:          0       0       0       0       0       0       0       0       0       0       0       0       0       0       0       0       0       0       0       0       0       0       0       0       0       0       0       0       0       0       0       0       0
      Totals:         1       0       0       0       0       0       0       0       0       0       0       0       0       0       0       0       0       0       0       0       0       0       0       0       0       0       0       0       0       0       0       0       0
Total ram usage:        1 bytes
 Hardware stack levels used:    1
 Hardware stack levels required when called:    4
 This function calls:
		Nothing
 This function is called by:
		_readPot
 This function uses a non-reentrant model


 *************** function _ADCC_IsConversionDone *****************
 Defined at:
		line 125 in file "mcc_generated_files/adcc.c"
 Parameters:    Size  Location     Type
		None
 Auto vars:     Size  Location     Type
		None
 Return value:  Size  Location     Type
                  1    wreg      _Bool 
 Registers used:
		wreg
 Tracked objects:
		On entry : 
		On exit  : 
		Unchanged: 
 Data sizes:     COMRAM   BANK5   BANK6   BANK7   BANK8   BANK9  BANK10  BANK11  BANK12  BANK13  BANK14  BANK15  BANK16  BANK17  BANK18  BANK19  BANK20  BANK21  BANK22  BANK23  BANK24  BANK25  BANK26  BANK27  BANK28  BANK29  BANK30  BANK31  BANK32  BANK33  BANK34  BANK35  BANK36
      Params:         0       0       0       0       0       0       0       0       0       0       0       0       0       0       0       0       0       0       0       0       0       0       0       0       0       0       0       0       0       0       0       0       0
      Locals:         0       0       0       0       0       0       0       0       0       0       0       0       0       0       0       0       0       0       0       0       0       0       0       0       0       0       0       0       0       0       0       0       0
      Temps:          0       0       0       0       0       0       0       0       0       0       0       0       0       0       0       0       0       0       0       0       0       0       0       0       0       0       0       0       0       0       0       0       0
      Totals:         0       0       0       0       0       0       0       0       0       0       0       0       0       0       0       0       0       0       0       0       0       0       0       0       0       0       0       0       0       0       0       0       0
Total ram usage:        0 bytes
 Hardware stack levels used:    1
 Hardware stack levels required when called:    4
 This function calls:
		Nothing
 This function is called by:
		_readPot
 This function uses a non-reentrant model


 *************** function _ADCC_GetConversionResult *****************
 Defined at:
		line 131 in file "mcc_generated_files/adcc.c"
 Parameters:    Size  Location     Type
		None
 Auto vars:     Size  Location     Type
		None
 Return value:  Size  Location     Type
                  2   22[COMRAM] unsigned short 
 Registers used:
		wreg, status,2, status,0
 Tracked objects:
		On entry : 
		On exit  : 
		Unchanged: 
 Data sizes:     COMRAM   BANK5   BANK6   BANK7   BANK8   BANK9  BANK10  BANK11  BANK12  BANK13  BANK14  BANK15  BANK16  BANK17  BANK18  BANK19  BANK20  BANK21  BANK22  BANK23  BANK24  BANK25  BANK26  BANK27  BANK28  BANK29  BANK30  BANK31  BANK32  BANK33  BANK34  BANK35  BANK36
      Params:         2       0       0       0       0       0       0       0       0       0       0       0       0       0       0       0       0       0       0       0       0       0       0       0       0       0       0       0       0       0       0       0       0
      Locals:         0       0       0       0       0       0       0       0       0       0       0       0       0       0       0       0       0       0       0       0       0       0       0       0       0       0       0       0       0       0       0       0       0
      Temps:          2       0       0       0       0       0       0       0       0       0       0       0       0       0       0       0       0       0       0       0       0       0       0       0       0       0       0       0       0       0       0       0       0
      Totals:         4       0       0       0       0       0       0       0       0       0       0       0       0       0       0       0       0       0       0       0       0       0       0       0       0       0       0       0       0       0       0       0       0
Total ram usage:        4 bytes
 Hardware stack levels used:    1
 Hardware stack levels required when called:    4
 This function calls:
		Nothing
 This function is called by:
		_readPot
 This function uses a non-reentrant model


 *************** function _SYSTEM_Initialize *****************
 Defined at:
		line 50 in file "mcc_generated_files/mcc.c"
 Parameters:    Size  Location     Type
		None
 Auto vars:     Size  Location     Type
		None
 Return value:  Size  Location     Type
                  1    wreg      void 
 Registers used:
		wreg, status,2, status,0, cstack
 Tracked objects:
		On entry : 
		On exit  : 
		Unchanged: 
 Data sizes:     COMRAM   BANK5   BANK6   BANK7   BANK8   BANK9  BANK10  BANK11  BANK12  BANK13  BANK14  BANK15  BANK16  BANK17  BANK18  BANK19  BANK20  BANK21  BANK22  BANK23  BANK24  BANK25  BANK26  BANK27  BANK28  BANK29  BANK30  BANK31  BANK32  BANK33  BANK34  BANK35  BANK36
      Params:         0       0       0       0       0       0       0       0       0       0       0       0       0       0       0       0       0       0       0       0       0       0       0       0       0       0       0       0       0       0       0       0       0
      Locals:         0       0       0       0       0       0       0       0       0       0       0       0       0       0       0       0       0       0       0       0       0       0       0       0       0       0       0       0       0       0       0       0       0
      Temps:          0       0       0       0       0       0       0       0       0       0       0       0       0       0       0       0       0       0       0       0       0       0       0       0       0       0       0       0       0       0       0       0       0
      Totals:         0       0       0       0       0       0       0       0       0       0       0       0       0       0       0       0       0       0       0       0       0       0       0       0       0       0       0       0       0       0       0       0       0
Total ram usage:        0 bytes
 Hardware stack levels used:    1
 Hardware stack levels required when called:    6
 This function calls:
		_ADCC_Initialize
		_CMP1_Initialize
		_CMP2_Initialize
		_DAC1_Initialize
		_FVR_Initialize
		_INTERRUPT_Initialize
		_NCO1_Initialize
		_OSCILLATOR_Initialize
		_PIN_MANAGER_Initialize
		_PMD_Initialize
		_TMR1_Initialize
 This function is called by:
		_main
 This function uses a non-reentrant model


 *************** function _TMR1_Initialize *****************
 Defined at:
		line 64 in file "mcc_generated_files/tmr1.c"
 Parameters:    Size  Location     Type
		None
 Auto vars:     Size  Location     Type
		None
 Return value:  Size  Location     Type
                  1    wreg      void 
 Registers used:
		wreg, status,2, status,0, cstack
 Tracked objects:
		On entry : 
		On exit  : 
		Unchanged: 
 Data sizes:     COMRAM   BANK5   BANK6   BANK7   BANK8   BANK9  BANK10  BANK11  BANK12  BANK13  BANK14  BANK15  BANK16  BANK17  BANK18  BANK19  BANK20  BANK21  BANK22  BANK23  BANK24  BANK25  BANK26  BANK27  BANK28  BANK29  BANK30  BANK31  BANK32  BANK33  BANK34  BANK35  BANK36
      Params:         0       0       0       0       0       0       0       0       0       0       0       0       0       0       0       0       0       0       0       0       0       0       0       0       0       0       0       0       0       0       0       0       0
      Locals:         0       0       0       0       0       0       0       0       0       0       0       0       0       0       0       0       0       0       0       0       0       0       0       0       0       0       0       0       0       0       0       0       0
      Temps:          2       0       0       0       0       0       0       0       0       0       0       0       0       0       0       0       0       0       0       0       0       0       0       0       0       0       0       0       0       0       0       0       0
      Totals:         2       0       0       0       0       0       0       0       0       0       0       0       0       0       0       0       0       0       0       0       0       0       0       0       0       0       0       0       0       0       0       0       0
Total ram usage:        2 bytes
 Hardware stack levels used:    1
 Hardware stack levels required when called:    5
 This function calls:
		_TMR1_SetInterruptHandler
 This function is called by:
		_SYSTEM_Initialize
 This function uses a non-reentrant model


 *************** function _TMR1_SetInterruptHandler *****************
 Defined at:
		line 185 in file "mcc_generated_files/tmr1.c"
 Parameters:    Size  Location     Type
  InterruptHan    3   22[COMRAM] PTR FTN()void 
		 -> doAudio(1), TMR1_DefaultInterruptHandler(1), 
 Auto vars:     Size  Location     Type
		None
 Return value:  Size  Location     Type
                  1    wreg      void 
 Registers used:
		wreg, status,2, status,0
 Tracked objects:
		On entry : 
		On exit  : 
		Unchanged: 
 Data sizes:     COMRAM   BANK5   BANK6   BANK7   BANK8   BANK9  BANK10  BANK11  BANK12  BANK13  BANK14  BANK15  BANK16  BANK17  BANK18  BANK19  BANK20  BANK21  BANK22  BANK23  BANK24  BANK25  BANK26  BANK27  BANK28  BANK29  BANK30  BANK31  BANK32  BANK33  BANK34  BANK35  BANK36
      Params:         3       0       0       0       0       0       0       0       0       0       0       0       0       0       0       0       0       0       0       0       0       0       0       0       0       0       0       0       0       0       0       0       0
      Locals:         0       0       0       0       0       0       0       0       0       0       0       0       0       0       0       0       0       0       0       0       0       0       0       0       0       0       0       0       0       0       0       0       0
      Temps:          0       0       0       0       0       0       0       0       0       0       0       0       0       0       0       0       0       0       0       0       0       0       0       0       0       0       0       0       0       0       0       0       0
[...]
 Defined at:
		line 58 in file "mcc_generated_files/cmp1.c"
 Parameters:    Size  Location     Type
		None
 Auto vars:     Size  Location     Type
		None
 Return value:  Size  Location     Type
                  1    wreg      void 
 Registers used:
		wreg, status,2
 Tracked objects:
		On entry : 
		On exit  : 
		Unchanged: 
 Data sizes:     COMRAM   BANK5   BANK6   BANK7   BANK8   BANK9  BANK10  BANK11  BANK12  BANK13  BANK14  BANK15  BANK16  BANK17  BANK18  BANK19  BANK20  BANK21  BANK22  BANK23  BANK24  BANK25  BANK26  BANK27  BANK28  BANK29  BANK30  BANK31  BANK32  BANK33  BANK34  BANK35  BANK36
      Params:         0       0       0       0       0       0       0       0       0       0       0       0       0       0       0       0       0       0       0       0       0       0       0       0       0       0       0       0       0       0       0       0       0
      Locals:         0       0       0       0       0       0       0       0       0       0       0       0       0       0       0       0       0       0       0       0       0       0       0       0       0       0       0       0       0       0       0       0       0
      Temps:          0       0       0       0       0       0       0       0       0       0       0       0       0       0       0       0       0       0       0       0       0       0       0       0       0       0       0       0       0       0       0       0       0
      Totals:         0       0       0       0       0       0       0       0       0       0       0       0       0       0       0       0       0       0       0       0       0       0       0       0       0       0       0       0       0       0       0       0       0
Total ram usage:        0 bytes
 Hardware stack levels used:    1
 Hardware stack levels required when called:    4
 This function calls:
		Nothing
 This function is called by:
		_SYSTEM_Initialize
 This function uses a non-reentrant model


 *************** function _ADCC_Initialize *****************
 Defined at:
		line 62 in file "mcc_generated_files/adcc.c"
 Parameters:    Size  Location     Type
		None
 Auto vars:     Size  Location     Type
		None
 Return value:  Size  Location     Type
                  1    wreg      void 
 Registers used:
		wreg, status,2
 Tracked objects:
		On entry : 
		On exit  : 
		Unchanged: 
 Data sizes:     COMRAM   BANK5   BANK6   BANK7   BANK8   BANK9  BANK10  BANK11  BANK12  BANK13  BANK14  BANK15  BANK16  BANK17  BANK18  BANK19  BANK20  BANK21  BANK22  BANK23  BANK24  BANK25  BANK26  BANK27  BANK28  BANK29  BANK30  BANK31  BANK32  BANK33  BANK34  BANK35  BANK36
      Params:         0       0       0       0       0       0       0       0       0       0       0       0       0       0       0       0       0       0       0       0       0       0       0       0       0       0       0       0       0       0       0       0       0
      Locals:         0       0       0       0       0       0       0       0       0       0       0       0       0       0       0       0       0       0       0       0       0       0       0       0       0       0       0       0       0       0       0       0       0
      Temps:          0       0       0       0       0       0       0       0       0       0       0       0       0       0       0       0       0       0       0       0       0       0       0       0       0       0       0       0       0       0       0       0       0
      Totals:         0       0       0       0       0       0       0       0       0       0       0       0       0       0       0       0       0       0       0       0       0       0       0       0       0       0       0       0       0       0       0       0       0
Total ram usage:        0 bytes
 Hardware stack levels used:    1
 Hardware stack levels required when called:    4
 This function calls:
		Nothing
 This function is called by:
		_SYSTEM_Initialize
 This function uses a non-reentrant model


 *************** function _INTERRUPT_InterruptManager *****************
 Defined at:
		line 58 in file "mcc_generated_files/interrupt_manager.c"
 Parameters:    Size  Location     Type
		None
 Auto vars:     Size  Location     Type
		None
 Return value:  Size  Location     Type
                  1    wreg      void 
 Registers used:
		wreg, fsr2l, fsr2h, status,2, status,0, pclath, tosl, tblptrl, tblptrh, tblptru, prodl, prodh, cstack
 Tracked objects:
		On entry : 
		On exit  : 
		Unchanged: 
 Data sizes:     COMRAM   BANK5   BANK6   BANK7   BANK8   BANK9  BANK10  BANK11  BANK12  BANK13  BANK14  BANK15  BANK16  BANK17  BANK18  BANK19  BANK20  BANK21  BANK22  BANK23  BANK24  BANK25  BANK26  BANK27  BANK28  BANK29  BANK30  BANK31  BANK32  BANK33  BANK34  BANK35  BANK36
      Params:         0       0       0       0       0       0       0       0       0       0       0       0       0       0       0       0       0       0       0       0       0       0       0       0       0       0       0       0       0       0       0       0       0
      Locals:         0       0       0       0       0       0       0       0       0       0       0       0       0       0       0       0       0       0       0       0       0       0       0       0       0       0       0       0       0       0       0       0       0
      Temps:          4       0       0       0       0       0       0       0       0       0       0       0       0       0       0       0       0       0       0       0       0       0       0       0       0       0       0       0       0       0       0       0       0
      Totals:         4       0       0       0       0       0       0       0       0       0       0       0       0       0       0       0       0       0       0       0       0       0       0       0       0       0       0       0       0       0       0       0       0
Total ram usage:        4 bytes
 Hardware stack levels used:    1
 Hardware stack levels required when called:    3
 This function calls:
		_TMR1_ISR
 This function is called by:
		Interrupt level 2
 This function uses a non-reentrant model


 *************** function _TMR1_ISR *****************
 Defined at:
		line 164 in file "mcc_generated_files/tmr1.c"
 Parameters:    Size  Location     Type
		None
 Auto vars:     Size  Location     Type
		None
 Return value:  Size  Location     Type
                  1    wreg      void 
 Registers used:
		wreg, fsr2l, fsr2h, status,2, status,0, pclath, tosl, tblptrl, tblptrh, tblptru, prodl, prodh, cstack
 Tracked objects:
		On entry : 
		On exit  : 
		Unchanged: 
 Data sizes:     COMRAM   BANK5   BANK6   BANK7   BANK8   BANK9  BANK10  BANK11  BANK12  BANK13  BANK14  BANK15  BANK16  BANK17  BANK18  BANK19  BANK20  BANK21  BANK22  BANK23  BANK24  BANK25  BANK26  BANK27  BANK28  BANK29  BANK30  BANK31  BANK32  BANK33  BANK34  BANK35  BANK36
      Params:         0       0       0       0       0       0       0       0       0       0       0       0       0       0       0       0       0       0       0       0       0       0       0       0       0       0       0       0       0       0       0       0       0
      Locals:         0       0       0       0       0       0       0       0       0       0       0       0       0       0       0       0       0       0       0       0       0       0       0       0       0       0       0       0       0       0       0       0       0
      Temps:          0       0       0       0       0       0       0       0       0       0       0       0       0       0       0       0       0       0       0       0       0       0       0       0       0       0       0       0       0       0       0       0       0
      Totals:         0       0       0       0       0       0       0       0       0       0       0       0       0       0       0       0       0       0       0       0       0       0       0       0       0       0       0       0       0       0       0       0       0
Total ram usage:        0 bytes
 Hardware stack levels used:    1
 Hardware stack levels required when called:    2
 This function calls:
		_TMR1_CallBack
		_TMR1_WriteTimer
 This function is called by:
		_INTERRUPT_InterruptManager
 This function uses a non-reentrant model


 *************** function _TMR1_WriteTimer *****************
 Defined at:
		line 127 in file "mcc_generated_files/tmr1.c"
 Parameters:    Size  Location     Type
  timerVal        2    0[COMRAM] unsigned short 
 Auto vars:     Size  Location     Type
		None
 Return value:  Size  Location     Type
                  1    wreg      void 
 Registers used:
		wreg, status,2
 Tracked objects:
		On entry : 
		On exit  : 
		Unchanged: 
 Data sizes:     COMRAM   BANK5   BANK6   BANK7   BANK8   BANK9  BANK10  BANK11  BANK12  BANK13  BANK14  BANK15  BANK16  BANK17  BANK18  BANK19  BANK20  BANK21  BANK22  BANK23  BANK24  BANK25  BANK26  BANK27  BANK28  BANK29  BANK30  BANK31  BANK32  BANK33  BANK34  BANK35  BANK36
      Params:         2       0       0       0       0       0       0       0       0       0       0       0       0       0       0       0       0       0       0       0       0       0       0       0       0       0       0       0       0       0       0       0       0
      Locals:         0       0       0       0       0       0       0       0       0       0       0       0       0       0       0       0       0       0       0       0       0       0       0       0       0       0       0       0       0       0       0       0       0
      Temps:          0       0       0       0       0       0       0       0       0       0       0       0       0       0       0       0       0       0       0       0       0       0       0       0       0       0       0       0       0       0       0       0       0
      Totals:         2       0       0       0       0       0       0       0       0       0       0       0       0       0       0       0       0       0       0       0       0       0       0       0       0       0       0       0       0       0       0       0       0
Total ram usage:        2 bytes
 Hardware stack levels used:    1
 This function calls:
		Nothing
 This function is called by:
		_TMR1_ISR
		_TMR1_Reload
 This function uses a non-reentrant model


 *************** function _TMR1_CallBack *****************
 Defined at:
		line 176 in file "mcc_generated_files/tmr1.c"
 Parameters:    Size  Location     Type
		None
 Auto vars:     Size  Location     Type
		None
 Return value:  Size  Location     Type
                  1    wreg      void 
 Registers used:
		wreg, fsr2l, fsr2h, status,2, status,0, pclath, tosl, tblptrl, tblptrh, tblptru, prodl, prodh, cstack
 Tracked objects:
		On entry : 
		On exit  : 
		Unchanged: 
 Data sizes:     COMRAM   BANK5   BANK6   BANK7   BANK8   BANK9  BANK10  BANK11  BANK12  BANK13  BANK14  BANK15  BANK16  BANK17  BANK18  BANK19  BANK20  BANK21  BANK22  BANK23  BANK24  BANK25  BANK26  BANK27  BANK28  BANK29  BANK30  BANK31  BANK32  BANK33  BANK34  BANK35  BANK36
      Params:         0       0       0       0       0       0       0       0       0       0       0       0       0       0       0       0       0       0       0       0       0       0       0       0       0       0       0       0       0       0       0       0       0
      Locals:         0       0       0       0       0       0       0       0       0       0       0       0       0       0       0       0       0       0       0       0       0       0       0       0       0       0       0       0       0       0       0       0       0
      Temps:          0       0       0       0       0       0       0       0       0       0       0       0       0       0       0       0       0       0       0       0       0       0       0       0       0       0       0       0       0       0       0       0       0
      Totals:         0       0       0       0       0       0       0       0       0       0       0       0       0       0       0       0       0       0       0       0       0       0       0       0       0       0       0       0       0       0       0       0       0
Total ram usage:        0 bytes
 Hardware stack levels used:    1
 Hardware stack levels required when called:    1
 This function calls:
		Absolute function
		_TMR1_DefaultInterruptHandler
		_doAudio
 This function is called by:
		_TMR1_ISR
 This function uses a non-reentrant model


 *************** function _TMR1_DefaultInterruptHandler *****************
 Defined at:
		line 189 in file "mcc_generated_files/tmr1.c"
 Parameters:    Size  Location     Type
		None
 Auto vars:     Size  Location     Type
		None
 Return value:  Size  Location     Type
                  1    wreg      void 
 Registers used:
		None
 Tracked objects:
		On entry : 
		On exit  : 
		Unchanged: 
 Data sizes:     COMRAM   BANK5   BANK6   BANK7   BANK8   BANK9  BANK10  BANK11  BANK12  BANK13  BANK14  BANK15  BANK16  BANK17  BANK18  BANK19  BANK20  BANK21  BANK22  BANK23  BANK24  BANK25  BANK26  BANK27  BANK28  BANK29  BANK30  BANK31  BANK32  BANK33  BANK34  BANK35  BANK36
      Params:         0       0       0       0       0       0       0       0       0       0       0       0       0       0       0       0       0       0       0       0       0       0       0       0       0       0       0       0       0       0       0       0       0
      Locals:         0       0       0       0       0       0       0       0       0       0       0       0       0       0       0       0       0       0       0       0       0       0       0       0       0       0       0       0       0       0       0       0       0
      Temps:          0       0       0       0       0       0       0       0       0       0       0       0       0       0       0       0       0       0       0       0       0       0       0       0       0       0       0       0       0       0       0       0       0
      Totals:         0       0       0       0       0       0       0       0       0       0       0       0       0       0       0       0       0       0       0       0       0       0       0       0       0       0       0       0       0       0       0       0       0
Total ram usage:        0 bytes
 Hardware stack levels used:    1
 This function calls:
		Nothing
 This function is called by:
		_TMR1_Initialize
		_TMR1_CallBack
 This function uses a non-reentrant model


 *************** function _doAudio *****************
 Defined at:
		line 104 in file "main.c"
 Parameters:    Size  Location     Type
		None
 Auto vars:     Size  Location     Type
		None
 Return value:  Size  Location     Type
                  1    wreg      void 
 Registers used:
		wreg, fsr2l, fsr2h, status,2, status,0, tblptrl, tblptrh, tblptru, prodl, prodh
 Tracked objects:
		On entry : 
		On exit  : 
		Unchanged: 
 Data sizes:     COMRAM   BANK5   BANK6   BANK7   BANK8   BANK9  BANK10  BANK11  BANK12  BANK13  BANK14  BANK15  BANK16  BANK17  BANK18  BANK19  BANK20  BANK21  BANK22  BANK23  BANK24  BANK25  BANK26  BANK27  BANK28  BANK29  BANK30  BANK31  BANK32  BANK33  BANK34  BANK35  BANK36
      Params:         0       0       0       0       0       0       0       0       0       0       0       0       0       0       0       0       0       0       0       0       0       0       0       0       0       0       0       0       0       0       0       0       0
      Locals:         0       0       0       0       0       0       0       0       0       0       0       0       0       0       0       0       0       0       0       0       0       0       0       0       0       0       0       0       0       0       0       0       0
      Temps:         18       0       0       0       0       0       0       0       0       0       0       0       0       0       0       0       0       0       0       0       0       0       0       0       0       0       0       0       0       0       0       0       0
      Totals:        18       0       0       0       0       0       0       0       0       0       0       0       0       0       0       0       0       0       0       0       0       0       0       0       0       0       0       0       0       0       0       0       0
Total ram usage:       18 bytes
 Hardware stack levels used:    1
 This function calls:
		Nothing
 This function is called by:
		_main
		_TMR1_CallBack
 This function uses a non-reentrant model



MODULE INFORMATION

Module		Function		Class		Link	Load	Size
mcc_generated_files/cmp1.c
		_CMP1_Initialize		CODE           	11112	0000	21

mcc_generated_files/cmp1.c estimated size: 21

mcc_generated_files/fvr.c
		_FVR_Initialize		CODE           	1114A	0000	9

mcc_generated_files/fvr.c estimated size: 9

mcc_generated_files/interrupt_manager.c
		_INTERRUPT_Initialize		CODE           	11152	0000	5
		_INTERRUPT_InterruptManager		CODE           	10EF0	0000	83

mcc_generated_files/interrupt_manager.c estimated size: 88

mcc_generated_files/pin_manager.c
		_PIN_MANAGER_Initialize		CODE           	10DC8	0000	109

mcc_generated_files/pin_manager.c estimated size: 109

mcc_generated_files/nco1.c
		_NCO1_Initialize		CODE           	1101E	0000	39

mcc_generated_files/nco1.c estimated size: 39

/Applications/microchip/xc8/v2.10/pic/sources/c99/common/__lldiv.c
		___lldiv       		CODE           	10CAA	0000	173

/Applications/microchip/xc8/v2.10/pic/sources/c99/common/__lldiv.c estimated size: 173

mcc_generated_files/cmp2.c
		_CMP2_Initialize		CODE           	110FE	0000	21

mcc_generated_files/cmp2.c estimated size: 21

/Applications/microchip/xc8/v2.10/pic/sources/c99/common/Umul64.c
		___omul        		CODE           	10BFC	0000	175

/Applications/microchip/xc8/v2.10/pic/sources/c99/common/Umul64.c estimated size: 175

/Applications/microchip/xc8/v2.10/pic/sources/c99/common/rand.c
		_rand          		CODE           	109F4	0000	275

/Applications/microchip/xc8/v2.10/pic/sources/c99/common/rand.c estimated size: 275

shared
		_cosTab        		MEDIUMCONST    	BFDF	0000	16385
		_maskC2        		MEDIUMCONST    	FFF8	0000	8
		__initialization		CODE           	10E34	0000	91
		_maskA         		MEDIUMCONST    	FFF1	0000	8
		_maskB         		MEDIUMCONST    	FFE8	0000	10
		_maskC1        		MEDIUMCONST    	FFDF	0000	10

shared estimated size: 16512

mcc_generated_files/mcc.c
		_PMD_Initialize		CODE           	11044	0000	37
		_OSCILLATOR_Initialize		CODE           	1108A	0000	29
		_SYSTEM_Initialize		CODE           	10FC2	0000	47

mcc_generated_files/mcc.c estimated size: 113

mcc_generated_files/tmr1.c
		_TMR1_Initialize		CODE           	10F42	0000	79
		_TMR1_SetInterruptHandler		CODE           	110EA	0000	21
		_TMR1_DefaultInterruptHandler		CODE           	11156	0000	3
		_TMR1_CallBack 		CODE           	10F90	0000	51
		_TMR1_WriteTimer		CODE           	10FF0	0000	47
		_TMR1_ISR      		CODE           	110A6	0000	25

mcc_generated_files/tmr1.c estimated size: 226

/Applications/microchip/xc8/v2.10/pic/sources/c99/common/almod.c
		___almod       		CODE           	10B06	0000	247

/Applications/microchip/xc8/v2.10/pic/sources/c99/common/almod.c estimated size: 247

/Applications/microchip/xc8/v2.10/pic/sources/c99/common/Umul32.c
		___lmul        		CODE           	10D56	0000	115

/Applications/microchip/xc8/v2.10/pic/sources/c99/common/Umul32.c estimated size: 115

mcc_generated_files/dac1.c
		_DAC1_Initialize		CODE           	11136	0000	13

mcc_generated_files/dac1.c estimated size: 13

mcc_generated_files/adcc.c
		_ADCC_GetConversionResult		CODE           	110D4	0000	23
		_ADCC_StartConversion		CODE           	11126	0000	17
		_ADCC_Initialize		CODE           	10E94	0000	93
		_ADCC_IsConversionDone		CODE           	110BE	0000	23

mcc_generated_files/adcc.c estimated size: 156

main.c
		_doAudio       		CODE           	10000	0000	1673
		_main          		CODE           	11068	0000	35
		_readPot       		CODE           	10688	0000	877

main.c estimated size: 2585

